******************************************************************************
                  TI ARM Linker PC v20.2.7                     
******************************************************************************
>> Linked Fri Oct 17 11:58:46 2025

OUTPUT FILE NAME:   <PSEPAP4.out>
ENTRY POINT SYMBOL: "_c_int00_noargs"  address: 00001e31


MEMORY CONFIGURATION

         name            origin    length      used     unused   attr    fill
----------------------  --------  ---------  --------  --------  ----  --------
  FLASH                 00000000   00100000  000023d0  000fdc30  R  X
  SRAM                  20000000   00040000  000022b9  0003dd47  RW X


SEGMENT ALLOCATION MAP

run origin  load origin   length   init length attrs members
----------  ----------- ---------- ----------- ----- -------
00000000    00000000    000023d0   000023d0    r-x
  00000000    00000000    00000208   00000208    r-- .intvecs
  00000208    00000208    00001dd0   00001dd0    r-x .text
  00001fd8    00001fd8    000003b0   000003b0    r-- .const
  00002388    00002388    00000048   00000048    r-- .cinit
20000000    20000000    000022bd   00000000    rw-
  20000000    20000000    0000026c   00000000    rw- .vtable
  20000270    20000270    00002000   00000000    rw- .stack
  20002270    20002270    00000028   00000000    rw- .bss
  20002298    20002298    00000025   00000000    rw- .data


SECTION ALLOCATION MAP

 output                                  attributes/
section   page    origin      length       input sections
--------  ----  ----------  ----------   ----------------
.intvecs   0    00000000    00000208     
                  00000000    00000208     tm4c1294ncpdt_startup_ccs.obj (.intvecs)

.text      0    00000208    00001dd0     
                  00000208    0000113c     ft800_TIVA.obj (.text)
                  00001344    000003ec     practica4_1.obj (.text)
                  00001730    00000200     driverlib.lib : sysctl.obj (.text:SysCtlClockFreqSet)
                  00001930    0000016c                   : gpio.obj (.text:GPIOPadConfigSet)
                  00001a9c    0000009c     rtsv7M4_T_le_v4SPD16_eabi.lib : memcpy_t2.asm.obj (.text)
                  00001b38    00000068     driverlib.lib : interrupt.obj (.text:IntEnable)
                  00001ba0    00000068     rtsv7M4_T_le_v4SPD16_eabi.lib : copy_decompress_lzss.c.obj (.text:decompress:lzss:__TI_decompress_lzss)
                  00001c08    00000060     driverlib.lib : timer.obj (.text:TimerConfigure)
                  00001c68    0000004c                   : gpio.obj (.text:GPIOPinConfigure)
                  00001cb4    0000004c                   : timer.obj (.text:_TimerIntNumberGet)
                  00001d00    00000048                   : sysctl.obj (.text:_SysCtlFrequencyGet)
                  00001d48    00000044     rtsv7M4_T_le_v4SPD16_eabi.lib : autoinit.c.obj (.text:__TI_auto_init_nobinit_nopinit:__TI_auto_init_nobinit_nopinit)
                  00001d8c    0000003c     driverlib.lib : ssi.obj (.text:SSIConfigSetExpClk)
                  00001dc8    00000034                   : interrupt.obj (.text:IntRegister)
                  00001dfc    00000034                   : sysctl.obj (.text:SysCtlPeripheralEnable)
                  00001e30    00000034     rtsv7M4_T_le_v4SPD16_eabi.lib : boot_cortex_m.c.obj (.text:_c_int00_noargs:_c_int00_noargs)
                  00001e64    0000002c     driverlib.lib : gpio.obj (.text:GPIODirModeSet)
                  00001e90    00000020                   : sysctl.obj (.text:_SysCtlMemTimingGet)
                  00001eb0    0000001c     rtsv7M4_T_le_v4SPD16_eabi.lib : copy_zero_init.c.obj (.text:decompress:ZI:__TI_zero_init_nomemset:__TI_zero_init_nomemset)
                  00001ecc    0000001a     driverlib.lib : gpio.obj (.text:GPIOPinTypeGPIOOutput)
                  00001ee6    00000018                   : timer.obj (.text:TimerIntRegister)
                  00001efe    00000016                   : gpio.obj (.text:GPIOPinTypeGPIOInput)
                  00001f14    00000016                   : gpio.obj (.text:GPIOPinTypeSSI)
                  00001f2a    00000012                   : timer.obj (.text:TimerLoadSet)
                  00001f3c    00000010                   : interrupt.obj (.text:IntMasterEnable)
                  00001f4c    0000000e                   : timer.obj (.text:TimerEnable)
                  00001f5a    0000000e     rtsv7M4_T_le_v4SPD16_eabi.lib : copy_decompress_none.c.obj (.text:decompress:none:__TI_decompress_none)
                  00001f68    0000000c     driverlib.lib : cpu.obj (.text:CPUcpsie)
                  00001f74    0000000c                   : ssi.obj (.text:SSIDataGet)
                  00001f80    0000000c     tm4c1294ncpdt_startup_ccs.obj (.text)
                  00001f8c    0000000a     driverlib.lib : ssi.obj (.text:SSIDataPut)
                  00001f96    0000000a                   : ssi.obj (.text:SSIEnable)
                  00001fa0    0000000a                   : timer.obj (.text:TimerValueGet)
                  00001faa    00000008                   : ssi.obj (.text:SSIBusy)
                  00001fb2    00000008                   : timer.obj (.text:TimerIntEnable)
                  00001fba    00000006                   : gpio.obj (.text:GPIOPinWrite)
                  00001fc0    00000006                   : sysctl.obj (.text:SysCtlDelay)
                  00001fc6    00000006                   : timer.obj (.text:TimerClockSourceSet)
                  00001fcc    00000004                   : timer.obj (.text:TimerIntClear)
                  00001fd0    00000004     rtsv7M4_T_le_v4SPD16_eabi.lib : pre_init.c.obj (.text:_system_pre_init)
                  00001fd4    00000004                                   : exit.c.obj (.text:abort:abort)

.const     0    00001fd8    000003b0     
                  00001fd8    000001b0     driverlib.lib : sysctl.obj (.const:g_pppui32XTALtoVCO)
                  00002188    00000090                   : gpio.obj (.const:g_pui32GPIOBaseAddrs)
                  00002218    0000006c                   : sysctl.obj (.const:g_pui32Xtals)
                  00002284    00000060                   : timer.obj (.const:g_ppui32TimerIntMap)
                  000022e4    00000040                   : timer.obj (.const:g_ppui32TimerIntMapSnowflake)
                  00002324    00000030                   : sysctl.obj (.const:g_sXTALtoMEMTIM)
                  00002354    00000018     practica4_1.obj (.const:REG_CAL)
                  0000236c    00000014     driverlib.lib : interrupt.obj (.const:g_pui32EnRegs)
                  00002380    00000008                   : sysctl.obj (.const:g_pui32VCOFrequencies)

.cinit     0    00002388    00000048     
                  00002388    00000013     (.cinit..data.load) [load image, compression = lzss]
                  0000239b    00000001     --HOLE-- [fill = 0]
                  0000239c    0000000c     (__TI_handler_table)
                  000023a8    00000008     (.cinit..bss.load) [load image, compression = zero_init]
                  000023b0    00000008     (.cinit..vtable.load) [load image, compression = zero_init]
                  000023b8    00000018     (__TI_cinit_table)

.init_array 
*          0    00000000    00000000     UNINITIALIZED

.vtable    0    20000000    0000026c     UNINITIALIZED
                  20000000    0000026c     driverlib.lib : interrupt.obj (.vtable)

.bss       0    20002270    00000028     UNINITIALIZED
                  20002270    00000004     (.common:BufferXY)
                  20002274    00000004     (.common:CS_PIN)
                  20002278    00000004     (.common:CS_PORT)
                  2000227c    00000004     (.common:Load)
                  20002280    00000004     (.common:PD_PIN)
                  20002284    00000004     (.common:PD_PORT)
                  20002288    00000004     (.common:POSX)
                  2000228c    00000004     (.common:POSY)
                  20002290    00000004     (.common:RELOJ)
                  20002294    00000004     (.common:SSI_BASE)

.data      0    20002298    00000025     UNINITIALIZED
                  20002298    00000018     ft800_TIVA.obj (.data)
                  200022b0    0000000d     practica4_1.obj (.data)

.stack     0    20000270    00002000     UNINITIALIZED
                  20000270    00000004     rtsv7M4_T_le_v4SPD16_eabi.lib : boot_cortex_m.c.obj (.stack)
                  20000274    00001ffc     --HOLE--

__llvm_prf_cnts 
*          0    20000000    00000000     UNINITIALIZED

MODULE SUMMARY

       Module                          code   ro data   rw data
       ------                          ----   -------   -------
    .\
       ft800_TIVA.obj                  4412   0         56     
       practica4_1.obj                 1004   24        21     
       tm4c1294ncpdt_startup_ccs.obj   12     520       0      
    +--+-------------------------------+------+---------+---------+
       Total:                          5428   544       77     
                                                               
    C:/ti/TivaWare_C_Series-2.2.0.295/driverlib/ccs/Debug/driverlib.lib
       sysctl.obj                      674    596       0      
       interrupt.obj                   172    20        620    
       gpio.obj                        560    144       0      
       timer.obj                       256    160       0      
       ssi.obj                         100    0         0      
       cpu.obj                         12     0         0      
    +--+-------------------------------+------+---------+---------+
       Total:                          1774   920       620    
                                                               
    C:\ti\ccs1281\ccs\tools\compiler\ti-cgt-arm_20.2.7.LTS\lib\rtsv7M4_T_le_v4SPD16_eabi.lib
       memcpy_t2.asm.obj               156    0         0      
       copy_decompress_lzss.c.obj      104    0         0      
       autoinit.c.obj                  68     0         0      
       boot_cortex_m.c.obj             52     0         0      
       copy_zero_init.c.obj            28     0         0      
       copy_decompress_none.c.obj      14     0         0      
       exit.c.obj                      4      0         0      
       pre_init.c.obj                  4      0         0      
    +--+-------------------------------+------+---------+---------+
       Total:                          430    0         0      
                                                               
       Stack:                          0      0         8192   
       Linker Generated:               0      71        0      
    +--+-------------------------------+------+---------+---------+
       Grand Total:                    7632   1535      8889   


LINKER GENERATED COPY TABLES

__TI_cinit_table @ 000023b8 records: 3, size/record: 8, table size: 24
	.data: load addr=00002388, load size=00000013 bytes, run addr=20002298, run size=00000025 bytes, compression=lzss
	.bss: load addr=000023a8, load size=00000008 bytes, run addr=20002270, run size=00000028 bytes, compression=zero_init
	.vtable: load addr=000023b0, load size=00000008 bytes, run addr=20000000, run size=0000026c bytes, compression=zero_init


LINKER GENERATED HANDLER TABLE

__TI_handler_table @ 0000239c records: 3, size/record: 4, table size: 12
	index: 0, handler: __TI_zero_init
	index: 1, handler: __TI_decompress_lzss
	index: 2, handler: __TI_decompress_none


GLOBAL SYMBOLS: SORTED ALPHABETICALLY BY Name 

address   name                          
-------   ----                          
00000f05  Boton                         
20002270  BufferXY                      
00001fd5  C$$EXIT                       
200022ac  CMD_Offset                    
00001f69  CPUcpsie                      
20002274  CS_PIN                        
20002278  CS_PORT                       
00001137  Calibra_touch                 
00000e61  ComBgcolor                    
00000e9f  ComButton                     
0000107b  ComCirculo                    
00000ad9  ComColor                      
000008e5  ComEsperaFin                  
00000e23  ComFgcolor                    
000011a3  ComGradient                   
00000f8f  ComLine                       
000010db  ComLineWidth                  
00000b99  ComNum                        
000010ed  ComPointSize                  
00000dd9  ComProgressbar                
00000fe1  ComRect                       
00000d8f  ComScrollbar                  
00000b31  ComTXT                        
00000bf1  ComTeclas                     
00000a79  ComVertex2ff                  
000010ff  Com_Punto                     
000003a7  Delay                         
00000ca1  Dibuja                        
00000c55  Ejecuta_Lista                 
00000d73  Esc_Reg                       
000009ef  EscribeRam16                  
000009c1  EscribeRam32                  
00000a1d  EscribeRam8                   
00000a4f  EscribeRamTxt                 
000010b7  Espera_pant                   
000006b7  FT800_IncCMDOffset            
00000631  FT800_SPI_HostCommand         
0000067b  FT800_SPI_HostCommandDummyRead
00000561  FT800_SPI_Read32              
00000605  FT800_SPI_Read8               
00000407  FT800_SPI_SendAddressRD       
000003b1  FT800_SPI_SendAddressWR       
000004c1  FT800_SPI_Write16             
0000046b  FT800_SPI_Write32             
000004f3  FT800_SPI_Write8              
000012a5  Fadein                        
00001261  Fadeout                       
200022bc  Fin                           
00001235  FinNota                       
200022b8  Flag_ints                     
00001e65  GPIODirModeSet                
00001931  GPIOPadConfigSet              
00001c69  GPIOPinConfigure              
00001eff  GPIOPinTypeGPIOInput          
00001ecd  GPIOPinTypeGPIOOutput         
00001f15  GPIOPinTypeSSI                
00001fbb  GPIOPinWrite                  
00000209  HAL_Init_SPI                  
0000036d  HAL_SPI_CSHigh                
0000035b  HAL_SPI_CSLow                 
00000393  HAL_SPI_PDhigh                
00000381  HAL_SPI_PDlow                 
0000031f  HAL_SPI_ReadWrite             
000006e9  Inicia_pantalla               
00001b39  IntEnable                     
00001f3d  IntMasterEnable               
00001dc9  IntRegister                   
0000135b  IntTimer                      
00000d37  Lee_Reg                       
00000d53  Lee_Reg8                      
00000d03  Lee_pantalla                  
2000227c  Load                          
00000cb7  Nueva_pantalla                
20002280  PD_PIN                        
20002284  PD_PORT                       
20002288  POSX                          
2000228c  POSY                          
200022a8  POSYANT                       
00000989  PWMOnOff                      
00000c6f  PadFIFO                       
00000929  PantOnOff                     
00002354  REG_CAL                       
20002290  RELOJ                         
00001f81  ResetISR                      
00001fab  SSIBusy                       
00001d8d  SSIConfigSetExpClk            
00001f75  SSIDataGet                    
00001f8d  SSIDataPut                    
00001f97  SSIEnable                     
20002294  SSI_BASE                      
00001731  SysCtlClockFreqSet            
00001fc1  SysCtlDelay                   
00001dfd  SysCtlPeripheralEnable        
00001345  SysCtlSleepFake               
00001fc7  TimerClockSourceSet           
00001c09  TimerConfigure                
00001f4d  TimerEnable                   
00001fcd  TimerIntClear                 
00001fb3  TimerIntEnable                
00001ee7  TimerIntRegister              
00001f2b  TimerLoadSet                  
00001fa1  TimerValueGet                 
000011ff  TocaNota                      
000011e1  VolNota                       
200022b4  Xp                            
200022b0  Yp                            
20002270  __STACK_END                   
00002000  __STACK_SIZE                  
20000470  __STACK_TOP                   
000023b8  __TI_CINIT_Base               
000023d0  __TI_CINIT_Limit              
0000239c  __TI_Handler_Table_Base       
000023a8  __TI_Handler_Table_Limit      
00001d49  __TI_auto_init_nobinit_nopinit
00001ba1  __TI_decompress_lzss          
00001f5b  __TI_decompress_none          
ffffffff  __TI_pprof_out_hndl           
ffffffff  __TI_prof_data_size           
ffffffff  __TI_prof_data_start          
00000000  __TI_static_base__            
00001eb1  __TI_zero_init_nomemset       
00001a9d  __aeabi_memcpy                
00001a9d  __aeabi_memcpy4               
00001a9d  __aeabi_memcpy8               
ffffffff  __binit__                     
ffffffff  __c_args__                    
UNDEFED   __mpu_init                    
20000270  __stack                       
20000000  __start___llvm_prf_cnts       
20000000  __stop___llvm_prf_cnts        
00001e31  _c_int00_noargs               
UNDEFED   _system_post_cinit            
00001fd1  _system_pre_init              
00001fd5  abort                         
ffffffff  binit                         
20002298  chipid                        
2000229c  cmdBufferRd                   
200022a0  cmdBufferWr                   
20000000  g_pfnRAMVectors               
00000000  g_pfnVectors                  
00001379  main                          
00001a9d  memcpy                        
200022a4  t                             


GLOBAL SYMBOLS: SORTED BY Symbol Address 

address   name                          
-------   ----                          
00000000  __TI_static_base__            
00000000  g_pfnVectors                  
00000209  HAL_Init_SPI                  
0000031f  HAL_SPI_ReadWrite             
0000035b  HAL_SPI_CSLow                 
0000036d  HAL_SPI_CSHigh                
00000381  HAL_SPI_PDlow                 
00000393  HAL_SPI_PDhigh                
000003a7  Delay                         
000003b1  FT800_SPI_SendAddressWR       
00000407  FT800_SPI_SendAddressRD       
0000046b  FT800_SPI_Write32             
000004c1  FT800_SPI_Write16             
000004f3  FT800_SPI_Write8              
00000561  FT800_SPI_Read32              
00000605  FT800_SPI_Read8               
00000631  FT800_SPI_HostCommand         
0000067b  FT800_SPI_HostCommandDummyRead
000006b7  FT800_IncCMDOffset            
000006e9  Inicia_pantalla               
000008e5  ComEsperaFin                  
00000929  PantOnOff                     
00000989  PWMOnOff                      
000009c1  EscribeRam32                  
000009ef  EscribeRam16                  
00000a1d  EscribeRam8                   
00000a4f  EscribeRamTxt                 
00000a79  ComVertex2ff                  
00000ad9  ComColor                      
00000b31  ComTXT                        
00000b99  ComNum                        
00000bf1  ComTeclas                     
00000c55  Ejecuta_Lista                 
00000c6f  PadFIFO                       
00000ca1  Dibuja                        
00000cb7  Nueva_pantalla                
00000d03  Lee_pantalla                  
00000d37  Lee_Reg                       
00000d53  Lee_Reg8                      
00000d73  Esc_Reg                       
00000d8f  ComScrollbar                  
00000dd9  ComProgressbar                
00000e23  ComFgcolor                    
00000e61  ComBgcolor                    
00000e9f  ComButton                     
00000f05  Boton                         
00000f8f  ComLine                       
00000fe1  ComRect                       
0000107b  ComCirculo                    
000010b7  Espera_pant                   
000010db  ComLineWidth                  
000010ed  ComPointSize                  
000010ff  Com_Punto                     
00001137  Calibra_touch                 
000011a3  ComGradient                   
000011e1  VolNota                       
000011ff  TocaNota                      
00001235  FinNota                       
00001261  Fadeout                       
000012a5  Fadein                        
00001345  SysCtlSleepFake               
0000135b  IntTimer                      
00001379  main                          
00001731  SysCtlClockFreqSet            
00001931  GPIOPadConfigSet              
00001a9d  __aeabi_memcpy                
00001a9d  __aeabi_memcpy4               
00001a9d  __aeabi_memcpy8               
00001a9d  memcpy                        
00001b39  IntEnable                     
00001ba1  __TI_decompress_lzss          
00001c09  TimerConfigure                
00001c69  GPIOPinConfigure              
00001d49  __TI_auto_init_nobinit_nopinit
00001d8d  SSIConfigSetExpClk            
00001dc9  IntRegister                   
00001dfd  SysCtlPeripheralEnable        
00001e31  _c_int00_noargs               
00001e65  GPIODirModeSet                
00001eb1  __TI_zero_init_nomemset       
00001ecd  GPIOPinTypeGPIOOutput         
00001ee7  TimerIntRegister              
00001eff  GPIOPinTypeGPIOInput          
00001f15  GPIOPinTypeSSI                
00001f2b  TimerLoadSet                  
00001f3d  IntMasterEnable               
00001f4d  TimerEnable                   
00001f5b  __TI_decompress_none          
00001f69  CPUcpsie                      
00001f75  SSIDataGet                    
00001f81  ResetISR                      
00001f8d  SSIDataPut                    
00001f97  SSIEnable                     
00001fa1  TimerValueGet                 
00001fab  SSIBusy                       
00001fb3  TimerIntEnable                
00001fbb  GPIOPinWrite                  
00001fc1  SysCtlDelay                   
00001fc7  TimerClockSourceSet           
00001fcd  TimerIntClear                 
00001fd1  _system_pre_init              
00001fd5  C$$EXIT                       
00001fd5  abort                         
00002000  __STACK_SIZE                  
00002354  REG_CAL                       
0000239c  __TI_Handler_Table_Base       
000023a8  __TI_Handler_Table_Limit      
000023b8  __TI_CINIT_Base               
000023d0  __TI_CINIT_Limit              
20000000  __start___llvm_prf_cnts       
20000000  __stop___llvm_prf_cnts        
20000000  g_pfnRAMVectors               
20000270  __stack                       
20000470  __STACK_TOP                   
20002270  BufferXY                      
20002270  __STACK_END                   
20002274  CS_PIN                        
20002278  CS_PORT                       
2000227c  Load                          
20002280  PD_PIN                        
20002284  PD_PORT                       
20002288  POSX                          
2000228c  POSY                          
20002290  RELOJ                         
20002294  SSI_BASE                      
20002298  chipid                        
2000229c  cmdBufferRd                   
200022a0  cmdBufferWr                   
200022a4  t                             
200022a8  POSYANT                       
200022ac  CMD_Offset                    
200022b0  Yp                            
200022b4  Xp                            
200022b8  Flag_ints                     
200022bc  Fin                           
ffffffff  __TI_pprof_out_hndl           
ffffffff  __TI_prof_data_size           
ffffffff  __TI_prof_data_start          
ffffffff  __binit__                     
ffffffff  __c_args__                    
ffffffff  binit                         
UNDEFED   __mpu_init                    
UNDEFED   _system_post_cinit            

[143 symbols]
