******************************************************************************
                  TI ARM Linker PC v20.2.7                     
******************************************************************************
>> Linked Fri Oct 10 12:51:00 2025

OUTPUT FILE NAME:   <PSEPA.out>
ENTRY POINT SYMBOL: "_c_int00_noargs"  address: 00000bd9


MEMORY CONFIGURATION

         name            origin    length      used     unused   attr    fill
----------------------  --------  ---------  --------  --------  ----  --------
  FLASH                 00000000   00100000  0000119e  000fee62  R  X
  SRAM                  20000000   00040000  00002290  0003dd70  RW X


SEGMENT ALLOCATION MAP

run origin  load origin   length   init length attrs members
----------  ----------- ---------- ----------- ----- -------
00000000    00000000    000011a0   000011a0    r-x
  00000000    00000000    00000208   00000208    r-- .intvecs
  00000208    00000208    00000bb6   00000bb6    r-x .text
  00000dc0    00000dc0    00000398   00000398    r-- .const
  00001158    00001158    00000048   00000048    r-- .cinit
20000000    20000000    00002294   00000000    rw-
  20000000    20000000    0000026c   00000000    rw- .vtable
  20000270    20000270    00002000   00000000    rw- .stack
  20002270    20002270    00000014   00000000    rw- .bss
  20002284    20002284    00000010   00000000    rw- .data


SECTION ALLOCATION MAP

 output                                  attributes/
section   page    origin      length       input sections
--------  ----  ----------  ----------   ----------------
.intvecs   0    00000000    00000208     
                  00000000    00000208     tm4c1294ncpdt_startup_ccs.obj (.intvecs)

.text      0    00000208    00000bb6     
                  00000208    00000290     EJEMPLO3_3_SINC.obj (.text)
                  00000498    00000200     driverlib.lib : sysctl.obj (.text:SysCtlClockFreqSet)
                  00000698    0000016c                   : gpio.obj (.text:GPIOPadConfigSet)
                  00000804    0000009c     rtsv7M4_T_le_v4SPD16_eabi.lib : memcpy_t2.asm.obj (.text)
                  000008a0    00000068     driverlib.lib : interrupt.obj (.text:IntEnable)
                  00000908    00000068     rtsv7M4_T_le_v4SPD16_eabi.lib : copy_decompress_lzss.c.obj (.text:decompress:lzss:__TI_decompress_lzss)
                  00000970    00000060     driverlib.lib : timer.obj (.text:TimerConfigure)
                  000009d0    0000004c                   : gpio.obj (.text:GPIOPinConfigure)
                  00000a1c    0000004c                   : timer.obj (.text:_TimerIntNumberGet)
                  00000a68    00000048                   : sysctl.obj (.text:SysCtlPeripheralClockGating)
                  00000ab0    00000048                   : sysctl.obj (.text:_SysCtlFrequencyGet)
                  00000af8    00000044     rtsv7M4_T_le_v4SPD16_eabi.lib : autoinit.c.obj (.text:__TI_auto_init_nobinit_nopinit:__TI_auto_init_nobinit_nopinit)
                  00000b3c    00000034     driverlib.lib : interrupt.obj (.text:IntRegister)
                  00000b70    00000034                   : sysctl.obj (.text:SysCtlPeripheralEnable)
                  00000ba4    00000034                   : sysctl.obj (.text:SysCtlPeripheralSleepEnable)
                  00000bd8    00000034     rtsv7M4_T_le_v4SPD16_eabi.lib : boot_cortex_m.c.obj (.text:_c_int00_noargs:_c_int00_noargs)
                  00000c0c    0000002c     driverlib.lib : gpio.obj (.text:GPIODirModeSet)
                  00000c38    00000022                   : pwm.obj (.text:PWMGenConfigure)
                  00000c5a    00000002     --HOLE-- [fill = 0]
                  00000c5c    00000020                   : sysctl.obj (.text:_SysCtlMemTimingGet)
                  00000c7c    0000001e                   : pwm.obj (.text:PWMPulseWidthSet)
                  00000c9a    0000001c     rtsv7M4_T_le_v4SPD16_eabi.lib : copy_zero_init.c.obj (.text:decompress:ZI:__TI_zero_init_nomemset:__TI_zero_init_nomemset)
                  00000cb6    00000018     driverlib.lib : timer.obj (.text:TimerIntRegister)
                  00000cce    00000016                   : gpio.obj (.text:GPIOPinTypeGPIOInput)
                  00000ce4    00000016                   : gpio.obj (.text:GPIOPinTypePWM)
                  00000cfa    00000002     --HOLE-- [fill = 0]
                  00000cfc    00000014                   : pwm.obj (.text:PWMClockSet)
                  00000d10    00000012                   : pwm.obj (.text:PWMOutputState)
                  00000d22    00000012                   : timer.obj (.text:TimerLoadSet)
                  00000d34    00000010                   : interrupt.obj (.text:IntMasterEnable)
                  00000d44    00000010                   : pwm.obj (.text:PWMGenPeriodSet)
                  00000d54    0000000e                   : timer.obj (.text:TimerEnable)
                  00000d62    0000000e     rtsv7M4_T_le_v4SPD16_eabi.lib : copy_decompress_none.c.obj (.text:decompress:none:__TI_decompress_none)
                  00000d70    0000000c     driverlib.lib : cpu.obj (.text:CPUcpsie)
                  00000d7c    0000000c                   : pwm.obj (.text:PWMGenEnable)
                  00000d88    0000000c     tm4c1294ncpdt_startup_ccs.obj (.text)
                  00000d94    00000008     driverlib.lib : timer.obj (.text:TimerIntEnable)
                  00000d9c    00000006                   : gpio.obj (.text:GPIOPinRead)
                  00000da2    00000006                   : sysctl.obj (.text:SysCtlDelay)
                  00000da8    00000006                   : timer.obj (.text:TimerClockSourceSet)
                  00000dae    00000004                   : cpu.obj (.text:CPUwfi)
                  00000db2    00000004                   : timer.obj (.text:TimerIntClear)
                  00000db6    00000004     rtsv7M4_T_le_v4SPD16_eabi.lib : pre_init.c.obj (.text:_system_pre_init)
                  00000dba    00000004                                   : exit.c.obj (.text:abort:abort)

.const     0    00000dc0    00000398     
                  00000dc0    000001b0     driverlib.lib : sysctl.obj (.const:g_pppui32XTALtoVCO)
                  00000f70    00000090                   : gpio.obj (.const:g_pui32GPIOBaseAddrs)
                  00001000    0000006c                   : sysctl.obj (.const:g_pui32Xtals)
                  0000106c    00000060                   : timer.obj (.const:g_ppui32TimerIntMap)
                  000010cc    00000040                   : timer.obj (.const:g_ppui32TimerIntMapSnowflake)
                  0000110c    00000030                   : sysctl.obj (.const:g_sXTALtoMEMTIM)
                  0000113c    00000014                   : interrupt.obj (.const:g_pui32EnRegs)
                  00001150    00000008                   : sysctl.obj (.const:g_pui32VCOFrequencies)

.cinit     0    00001158    00000048     
                  00001158    00000012     (.cinit..data.load) [load image, compression = lzss]
                  0000116a    00000002     --HOLE-- [fill = 0]
                  0000116c    0000000c     (__TI_handler_table)
                  00001178    00000008     (.cinit..bss.load) [load image, compression = zero_init]
                  00001180    00000008     (.cinit..vtable.load) [load image, compression = zero_init]
                  00001188    00000018     (__TI_cinit_table)

.init_array 
*          0    00000000    00000000     UNINITIALIZED

.vtable    0    20000000    0000026c     UNINITIALIZED
                  20000000    0000026c     driverlib.lib : interrupt.obj (.vtable)

.bss       0    20002270    00000014     UNINITIALIZED
                  20002270    00000004     (.common:PeriodoPWM)
                  20002274    00000004     (.common:RELOJ)
                  20002278    00000004     (.common:pos_100)
                  2000227c    00000004     (.common:pos_1000)
                  20002280    00000004     (.common:posicion)

.data      0    20002284    00000010     UNINITIALIZED
                  20002284    00000010     EJEMPLO3_3_SINC.obj (.data)

.stack     0    20000270    00002000     UNINITIALIZED
                  20000270    00000004     rtsv7M4_T_le_v4SPD16_eabi.lib : boot_cortex_m.c.obj (.stack)
                  20000274    00001ffc     --HOLE--

__llvm_prf_cnts 
*          0    20000000    00000000     UNINITIALIZED

MODULE SUMMARY

       Module                          code   ro data   rw data
       ------                          ----   -------   -------
    .\
       EJEMPLO3_3_SINC.obj             656    0         36     
       tm4c1294ncpdt_startup_ccs.obj   12     520       0      
    +--+-------------------------------+------+---------+---------+
       Total:                          668    520       36     
                                                               
    C:/ti/TivaWare_C_Series-2.2.0.295/driverlib/ccs/Debug/driverlib.lib
       sysctl.obj                      798    596       0      
       interrupt.obj                   172    20        620    
       gpio.obj                        534    144       0      
       timer.obj                       246    160       0      
       pwm.obj                         130    0         0      
       cpu.obj                         16     0         0      
    +--+-------------------------------+------+---------+---------+
       Total:                          1896   920       620    
                                                               
    C:\ti\ccs1281\ccs\tools\compiler\ti-cgt-arm_20.2.7.LTS\lib\rtsv7M4_T_le_v4SPD16_eabi.lib
       memcpy_t2.asm.obj               156    0         0      
       copy_decompress_lzss.c.obj      104    0         0      
       autoinit.c.obj                  68     0         0      
       boot_cortex_m.c.obj             52     0         0      
       copy_zero_init.c.obj            28     0         0      
       copy_decompress_none.c.obj      14     0         0      
       exit.c.obj                      4      0         0      
       pre_init.c.obj                  4      0         0      
    +--+-------------------------------+------+---------+---------+
       Total:                          430    0         0      
                                                               
       Stack:                          0      0         8192   
       Linker Generated:               0      70        0      
    +--+-------------------------------+------+---------+---------+
       Grand Total:                    2994   1510      8848   


LINKER GENERATED COPY TABLES

__TI_cinit_table @ 00001188 records: 3, size/record: 8, table size: 24
	.data: load addr=00001158, load size=00000012 bytes, run addr=20002284, run size=00000010 bytes, compression=lzss
	.bss: load addr=00001178, load size=00000008 bytes, run addr=20002270, run size=00000014 bytes, compression=zero_init
	.vtable: load addr=00001180, load size=00000008 bytes, run addr=20000000, run size=0000026c bytes, compression=zero_init


LINKER GENERATED HANDLER TABLE

__TI_handler_table @ 0000116c records: 3, size/record: 4, table size: 12
	index: 0, handler: __TI_zero_init
	index: 1, handler: __TI_decompress_lzss
	index: 2, handler: __TI_decompress_none


GLOBAL SYMBOLS: SORTED ALPHABETICALLY BY Name 

address   name                          
-------   ----                          
00000dbb  C$$EXIT                       
00000d71  CPUcpsie                      
00000daf  CPUwfi                        
20002290  Flag_ints                     
00000c0d  GPIODirModeSet                
00000699  GPIOPadConfigSet              
000009d1  GPIOPinConfigure              
00000d9d  GPIOPinRead                   
00000ccf  GPIOPinTypeGPIOInput          
00000ce5  GPIOPinTypePWM                
000008a1  IntEnable                     
00000d35  IntMasterEnable               
00000b3d  IntRegister                   
00000429  IntTimer0                     
20002284  Max_pos                       
2000228c  Min_pos                       
00000cfd  PWMClockSet                   
00000c39  PWMGenConfigure               
00000d7d  PWMGenEnable                  
00000d45  PWMGenPeriodSet               
00000d11  PWMOutputState                
00000c7d  PWMPulseWidthSet              
20002270  PeriodoPWM                    
20002274  RELOJ                         
00000d89  ResetISR                      
00000499  SysCtlClockFreqSet            
00000da3  SysCtlDelay                   
00000a69  SysCtlPeripheralClockGating   
00000b71  SysCtlPeripheralEnable        
00000ba5  SysCtlPeripheralSleepEnable   
00000daf  SysCtlSleep                   
00000209  SysCtlSleepFake               
00000da9  TimerClockSourceSet           
00000971  TimerConfigure                
00000d55  TimerEnable                   
00000db3  TimerIntClear                 
00000d95  TimerIntEnable                
00000cb7  TimerIntRegister              
00000d23  TimerLoadSet                  
20002270  __STACK_END                   
00002000  __STACK_SIZE                  
20000470  __STACK_TOP                   
00001188  __TI_CINIT_Base               
000011a0  __TI_CINIT_Limit              
0000116c  __TI_Handler_Table_Base       
00001178  __TI_Handler_Table_Limit      
00000af9  __TI_auto_init_nobinit_nopinit
00000909  __TI_decompress_lzss          
00000d63  __TI_decompress_none          
ffffffff  __TI_pprof_out_hndl           
ffffffff  __TI_prof_data_size           
ffffffff  __TI_prof_data_start          
00000000  __TI_static_base__            
00000c9b  __TI_zero_init_nomemset       
00000805  __aeabi_memcpy                
00000805  __aeabi_memcpy4               
00000805  __aeabi_memcpy8               
ffffffff  __binit__                     
ffffffff  __c_args__                    
UNDEFED   __mpu_init                    
20000270  __stack                       
20000000  __start___llvm_prf_cnts       
20000000  __stop___llvm_prf_cnts        
00000bd9  _c_int00_noargs               
UNDEFED   _system_post_cinit            
00000db7  _system_pre_init              
00000dbb  abort                         
ffffffff  binit                         
20000000  g_pfnRAMVectors               
00000000  g_pfnVectors                  
0000021f  main                          
00000805  memcpy                        
20002278  pos_100                       
2000227c  pos_1000                      
20002288  pos_inter                     
20002280  posicion                      


GLOBAL SYMBOLS: SORTED BY Symbol Address 

address   name                          
-------   ----                          
00000000  __TI_static_base__            
00000000  g_pfnVectors                  
00000209  SysCtlSleepFake               
0000021f  main                          
00000429  IntTimer0                     
00000499  SysCtlClockFreqSet            
00000699  GPIOPadConfigSet              
00000805  __aeabi_memcpy                
00000805  __aeabi_memcpy4               
00000805  __aeabi_memcpy8               
00000805  memcpy                        
000008a1  IntEnable                     
00000909  __TI_decompress_lzss          
00000971  TimerConfigure                
000009d1  GPIOPinConfigure              
00000a69  SysCtlPeripheralClockGating   
00000af9  __TI_auto_init_nobinit_nopinit
00000b3d  IntRegister                   
00000b71  SysCtlPeripheralEnable        
00000ba5  SysCtlPeripheralSleepEnable   
00000bd9  _c_int00_noargs               
00000c0d  GPIODirModeSet                
00000c39  PWMGenConfigure               
00000c7d  PWMPulseWidthSet              
00000c9b  __TI_zero_init_nomemset       
00000cb7  TimerIntRegister              
00000ccf  GPIOPinTypeGPIOInput          
00000ce5  GPIOPinTypePWM                
00000cfd  PWMClockSet                   
00000d11  PWMOutputState                
00000d23  TimerLoadSet                  
00000d35  IntMasterEnable               
00000d45  PWMGenPeriodSet               
00000d55  TimerEnable                   
00000d63  __TI_decompress_none          
00000d71  CPUcpsie                      
00000d7d  PWMGenEnable                  
00000d89  ResetISR                      
00000d95  TimerIntEnable                
00000d9d  GPIOPinRead                   
00000da3  SysCtlDelay                   
00000da9  TimerClockSourceSet           
00000daf  CPUwfi                        
00000daf  SysCtlSleep                   
00000db3  TimerIntClear                 
00000db7  _system_pre_init              
00000dbb  C$$EXIT                       
00000dbb  abort                         
0000116c  __TI_Handler_Table_Base       
00001178  __TI_Handler_Table_Limit      
00001188  __TI_CINIT_Base               
000011a0  __TI_CINIT_Limit              
00002000  __STACK_SIZE                  
20000000  __start___llvm_prf_cnts       
20000000  __stop___llvm_prf_cnts        
20000000  g_pfnRAMVectors               
20000270  __stack                       
20000470  __STACK_TOP                   
20002270  PeriodoPWM                    
20002270  __STACK_END                   
20002274  RELOJ                         
20002278  pos_100                       
2000227c  pos_1000                      
20002280  posicion                      
20002284  Max_pos                       
20002288  pos_inter                     
2000228c  Min_pos                       
20002290  Flag_ints                     
ffffffff  __TI_pprof_out_hndl           
ffffffff  __TI_prof_data_size           
ffffffff  __TI_prof_data_start          
ffffffff  __binit__                     
ffffffff  __c_args__                    
ffffffff  binit                         
UNDEFED   __mpu_init                    
UNDEFED   _system_post_cinit            

[76 symbols]
