******************************************************************************
                  TI ARM Linker PC v20.2.7                     
******************************************************************************
>> Linked Wed Oct 15 23:29:31 2025

OUTPUT FILE NAME:   <PSEPAP3.out>
ENTRY POINT SYMBOL: "_c_int00_noargs"  address: 000014d9


MEMORY CONFIGURATION

         name            origin    length      used     unused   attr    fill
----------------------  --------  ---------  --------  --------  ----  --------
  FLASH                 00000000   00100000  00001b60  000fe4a0  R  X
  SRAM                  20000000   00040000  00002345  0003dcbb  RW X


SEGMENT ALLOCATION MAP

run origin  load origin   length   init length attrs members
----------  ----------- ---------- ----------- ----- -------
00000000    00000000    00001b60   00001b60    r-x
  00000000    00000000    00000208   00000208    r-- .intvecs
  00000208    00000208    00001530   00001530    r-x .text
  00001738    00001738    000003c8   000003c8    r-- .const
  00001b00    00001b00    00000060   00000060    r-- .cinit
20000000    20000000    0000234c   00000000    rw-
  20000000    20000000    0000026c   00000000    rw- .vtable
  20000270    20000270    00002000   00000000    rw- .stack
  20002270    20002270    000000c5   00000000    rw- .data
  20002338    20002338    00000014   00000000    rw- .bss


SECTION ALLOCATION MAP

 output                                  attributes/
section   page    origin      length       input sections
--------  ----  ----------  ----------   ----------------
.intvecs   0    00000000    00000208     
                  00000000    00000208     tm4c1294ncpdt_startup_ccs.obj (.intvecs)

.text      0    00000208    00001530     
                  00000208    00000628     practica3_1.obj (.text)
                  00000830    000004a8     uartstdio.obj (.text)
                  00000cd8    00000200     driverlib.lib : sysctl.obj (.text:SysCtlClockFreqSet)
                  00000ed8    0000016c                   : gpio.obj (.text:GPIOPadConfigSet)
                  00001044    0000009c     rtsv7M4_T_le_v4SPD16_eabi.lib : memcpy_t2.asm.obj (.text)
                  000010e0    00000068     driverlib.lib : interrupt.obj (.text:IntEnable)
                  00001148    00000068     rtsv7M4_T_le_v4SPD16_eabi.lib : copy_decompress_lzss.c.obj (.text:decompress:lzss:__TI_decompress_lzss)
                  000011b0    00000060     driverlib.lib : timer.obj (.text:TimerConfigure)
                  00001210    0000004c                   : gpio.obj (.text:GPIOPinConfigure)
                  0000125c    0000004c                   : timer.obj (.text:_TimerIntNumberGet)
                  000012a8    00000048                   : sysctl.obj (.text:SysCtlPeripheralClockGating)
                  000012f0    00000048                   : sysctl.obj (.text:_SysCtlFrequencyGet)
                  00001338    00000046                   : uart.obj (.text:UARTConfigSetExpClk)
                  0000137e    00000002     rtsv7M4_T_le_v4SPD16_eabi.lib : div0.asm.obj (.text)
                  00001380    00000044                                   : autoinit.c.obj (.text:__TI_auto_init_nobinit_nopinit:__TI_auto_init_nobinit_nopinit)
                  000013c4    00000040                                   : u_divt2.asm.obj (.text)
                  00001404    00000038     driverlib.lib : sysctl.obj (.text:SysCtlPeripheralPresent)
                  0000143c    00000034                   : interrupt.obj (.text:IntRegister)
                  00001470    00000034                   : sysctl.obj (.text:SysCtlPeripheralEnable)
                  000014a4    00000034                   : sysctl.obj (.text:SysCtlPeripheralSleepEnable)
                  000014d8    00000034     rtsv7M4_T_le_v4SPD16_eabi.lib : boot_cortex_m.c.obj (.text:_c_int00_noargs:_c_int00_noargs)
                  0000150c    0000002c     driverlib.lib : gpio.obj (.text:GPIODirModeSet)
                  00001538    00000022                   : pwm.obj (.text:PWMGenConfigure)
                  0000155a    00000002     --HOLE-- [fill = 0]
                  0000155c    00000020                   : uart.obj (.text:UARTDisable)
                  0000157c    00000020                   : sysctl.obj (.text:_SysCtlMemTimingGet)
                  0000159c    0000001e                   : pwm.obj (.text:PWMPulseWidthSet)
                  000015ba    0000001c     rtsv7M4_T_le_v4SPD16_eabi.lib : copy_zero_init.c.obj (.text:decompress:ZI:__TI_zero_init_nomemset:__TI_zero_init_nomemset)
                  000015d6    0000001a     driverlib.lib : gpio.obj (.text:GPIOPinTypeGPIOOutput)
                  000015f0    00000018                   : timer.obj (.text:TimerIntRegister)
                  00001608    00000016                   : gpio.obj (.text:GPIOPinTypeGPIOInput)
                  0000161e    00000016                   : gpio.obj (.text:GPIOPinTypePWM)
                  00001634    00000016                   : gpio.obj (.text:GPIOPinTypeUART)
                  0000164a    00000002     --HOLE-- [fill = 0]
                  0000164c    00000014                   : pwm.obj (.text:PWMClockSet)
                  00001660    00000014                   : uart.obj (.text:UARTEnable)
                  00001674    00000012                   : pwm.obj (.text:PWMOutputState)
                  00001686    00000012                   : timer.obj (.text:TimerLoadSet)
                  00001698    00000010                   : interrupt.obj (.text:IntMasterEnable)
                  000016a8    00000010                   : pwm.obj (.text:PWMGenPeriodSet)
                  000016b8    0000000e                   : timer.obj (.text:TimerEnable)
                  000016c6    0000000e     rtsv7M4_T_le_v4SPD16_eabi.lib : copy_decompress_none.c.obj (.text:decompress:none:__TI_decompress_none)
                  000016d4    0000000c     driverlib.lib : cpu.obj (.text:CPUcpsie)
                  000016e0    0000000c                   : pwm.obj (.text:PWMGenEnable)
                  000016ec    0000000c     tm4c1294ncpdt_startup_ccs.obj (.text)
                  000016f8    0000000a     driverlib.lib : uart.obj (.text:UARTCharGet)
                  00001702    0000000a                   : uart.obj (.text:UARTCharPut)
                  0000170c    00000008                   : timer.obj (.text:TimerIntEnable)
                  00001714    00000006                   : gpio.obj (.text:GPIOPinRead)
                  0000171a    00000006                   : gpio.obj (.text:GPIOPinWrite)
                  00001720    00000006                   : sysctl.obj (.text:SysCtlDelay)
                  00001726    00000006                   : timer.obj (.text:TimerClockSourceSet)
                  0000172c    00000004                   : timer.obj (.text:TimerIntClear)
                  00001730    00000004     rtsv7M4_T_le_v4SPD16_eabi.lib : pre_init.c.obj (.text:_system_pre_init)
                  00001734    00000004                                   : exit.c.obj (.text:abort:abort)

.const     0    00001738    000003c8     
                  00001738    000001b0     driverlib.lib : sysctl.obj (.const:g_pppui32XTALtoVCO)
                  000018e8    00000090                   : gpio.obj (.const:g_pui32GPIOBaseAddrs)
                  00001978    0000006c                   : sysctl.obj (.const:g_pui32Xtals)
                  000019e4    00000060                   : timer.obj (.const:g_ppui32TimerIntMap)
                  00001a44    00000040                   : timer.obj (.const:g_ppui32TimerIntMapSnowflake)
                  00001a84    00000030                   : sysctl.obj (.const:g_sXTALtoMEMTIM)
                  00001ab4    00000014                   : interrupt.obj (.const:g_pui32EnRegs)
                  00001ac8    00000012     uartstdio.obj (.const:.string)
                  00001ada    00000002     --HOLE-- [fill = 0]
                  00001adc    0000000c     uartstdio.obj (.const:g_ui32UARTBase)
                  00001ae8    0000000c     uartstdio.obj (.const:g_ui32UARTPeriph)
                  00001af4    00000008     driverlib.lib : sysctl.obj (.const:g_pui32VCOFrequencies)
                  00001afc    00000004     uartstdio.obj (.const)

.cinit     0    00001b00    00000060     
                  00001b00    0000002c     (.cinit..data.load) [load image, compression = lzss]
                  00001b2c    0000000c     (__TI_handler_table)
                  00001b38    00000008     (.cinit..bss.load) [load image, compression = zero_init]
                  00001b40    00000008     (.cinit..vtable.load) [load image, compression = zero_init]
                  00001b48    00000018     (__TI_cinit_table)

.init_array 
*          0    00000000    00000000     UNINITIALIZED

.vtable    0    20000000    0000026c     UNINITIALIZED
                  20000000    0000026c     driverlib.lib : interrupt.obj (.vtable)

.data      0    20002270    000000c5     UNINITIALIZED
                  20002270    000000a0     practica3_1.obj (.data:LED)
                  20002310    00000020     practica3_1.obj (.data)
                  20002330    00000005     uartstdio.obj (.data)

.bss       0    20002338    00000014     UNINITIALIZED
                  20002338    00000004     (.common:PeriodoPWM)
                  2000233c    00000004     (.common:RELOJ)
                  20002340    00000004     (.common:pos_100)
                  20002344    00000004     (.common:pos_1000)
                  20002348    00000004     (.common:posicion)

.stack     0    20000270    00002000     UNINITIALIZED
                  20000270    00000004     rtsv7M4_T_le_v4SPD16_eabi.lib : boot_cortex_m.c.obj (.stack)
                  20000274    00001ffc     --HOLE--

__llvm_prf_cnts 
*          0    20000000    00000000     UNINITIALIZED

MODULE SUMMARY

       Module                          code   ro data   rw data
       ------                          ----   -------   -------
    .\
       practica3_1.obj                 1576   0         212    
       uartstdio.obj                   1192   46        5      
       tm4c1294ncpdt_startup_ccs.obj   12     520       0      
    +--+-------------------------------+------+---------+---------+
       Total:                          2780   566       217    
                                                               
    C:/ti/TivaWare_C_Series-2.2.0.295/driverlib/ccs/Debug/driverlib.lib
       sysctl.obj                      854    596       0      
       interrupt.obj                   172    20        620    
       gpio.obj                        588    144       0      
       timer.obj                       246    160       0      
       uart.obj                        142    0         0      
       pwm.obj                         130    0         0      
       cpu.obj                         12     0         0      
    +--+-------------------------------+------+---------+---------+
       Total:                          2144   920       620    
                                                               
    C:\ti\ccs1281\ccs\tools\compiler\ti-cgt-arm_20.2.7.LTS\lib\rtsv7M4_T_le_v4SPD16_eabi.lib
       memcpy_t2.asm.obj               156    0         0      
       copy_decompress_lzss.c.obj      104    0         0      
       autoinit.c.obj                  68     0         0      
       u_divt2.asm.obj                 64     0         0      
       boot_cortex_m.c.obj             52     0         0      
       copy_zero_init.c.obj            28     0         0      
       copy_decompress_none.c.obj      14     0         0      
       exit.c.obj                      4      0         0      
       pre_init.c.obj                  4      0         0      
       div0.asm.obj                    2      0         0      
    +--+-------------------------------+------+---------+---------+
       Total:                          496    0         0      
                                                               
       Stack:                          0      0         8192   
       Linker Generated:               0      96        0      
    +--+-------------------------------+------+---------+---------+
       Grand Total:                    5420   1582      9029   


LINKER GENERATED COPY TABLES

__TI_cinit_table @ 00001b48 records: 3, size/record: 8, table size: 24
	.data: load addr=00001b00, load size=0000002c bytes, run addr=20002270, run size=000000c5 bytes, compression=lzss
	.bss: load addr=00001b38, load size=00000008 bytes, run addr=20002338, run size=00000014 bytes, compression=zero_init
	.vtable: load addr=00001b40, load size=00000008 bytes, run addr=20000000, run size=0000026c bytes, compression=zero_init


LINKER GENERATED HANDLER TABLE

__TI_handler_table @ 00001b2c records: 3, size/record: 4, table size: 12
	index: 0, handler: __TI_zero_init
	index: 1, handler: __TI_decompress_lzss
	index: 2, handler: __TI_decompress_none


GLOBAL SYMBOLS: SORTED ALPHABETICALLY BY Name 

address   name                          
-------   ----                          
00001735  C$$EXIT                       
000016d5  CPUcpsie                      
20002328  Flag_ints                     
0000150d  GPIODirModeSet                
00000ed9  GPIOPadConfigSet              
00001211  GPIOPinConfigure              
00001715  GPIOPinRead                   
00001609  GPIOPinTypeGPIOInput          
000015d7  GPIOPinTypeGPIOOutput         
0000161f  GPIOPinTypePWM                
00001635  GPIOPinTypeUART               
0000171b  GPIOPinWrite                  
000010e1  IntEnable                     
00001699  IntMasterEnable               
0000143d  IntRegister                   
00000711  IntTimer0                     
00000739  IntTimer1                     
20002270  LED                           
20002324  Min_pos                       
0000164d  PWMClockSet                   
00001539  PWMGenConfigure               
000016e1  PWMGenEnable                  
000016a9  PWMGenPeriodSet               
00001675  PWMOutputState                
0000159d  PWMPulseWidthSet              
20002338  PeriodoPWM                    
2000233c  RELOJ                         
000016ed  ResetISR                      
00000cd9  SysCtlClockFreqSet            
00001721  SysCtlDelay                   
000012a9  SysCtlPeripheralClockGating   
00001471  SysCtlPeripheralEnable        
00001405  SysCtlPeripheralPresent       
000014a5  SysCtlPeripheralSleepEnable   
00000209  SysCtlSleepFake               
00001727  TimerClockSourceSet           
000011b1  TimerConfigure                
000016b9  TimerEnable                   
0000172d  TimerIntClear                 
0000170d  TimerIntEnable                
000015f1  TimerIntRegister              
00001687  TimerLoadSet                  
000016f9  UARTCharGet                   
00001703  UARTCharPut                   
00001339  UARTConfigSetExpClk           
0000155d  UARTDisable                   
00001661  UARTEnable                    
00000831  UARTStdioConfig               
00000981  UARTgetc                      
000008c7  UARTgets                      
00000ca3  UARTprintf                    
000009a9  UARTvprintf                   
00000877  UARTwrite                     
20002270  __STACK_END                   
00002000  __STACK_SIZE                  
20000470  __STACK_TOP                   
00001b48  __TI_CINIT_Base               
00001b60  __TI_CINIT_Limit              
00001b2c  __TI_Handler_Table_Base       
00001b38  __TI_Handler_Table_Limit      
00001381  __TI_auto_init_nobinit_nopinit
00001149  __TI_decompress_lzss          
000016c7  __TI_decompress_none          
ffffffff  __TI_pprof_out_hndl           
ffffffff  __TI_prof_data_size           
ffffffff  __TI_prof_data_start          
00000000  __TI_static_base__            
000015bb  __TI_zero_init_nomemset       
0000137f  __aeabi_idiv0                 
0000137f  __aeabi_ldiv0                 
00001045  __aeabi_memcpy                
00001045  __aeabi_memcpy4               
00001045  __aeabi_memcpy8               
000013c5  __aeabi_uidiv                 
000013c5  __aeabi_uidivmod              
ffffffff  __binit__                     
ffffffff  __c_args__                    
UNDEFED   __mpu_init                    
20000270  __stack                       
20000000  __start___llvm_prf_cnts       
20000000  __stop___llvm_prf_cnts        
000014d9  _c_int00_noargs               
UNDEFED   _system_post_cinit            
00001731  _system_pre_init              
00001735  abort                         
2000231c  barrera_abajo                 
20002318  barrera_abajoleft             
20002320  barrera_abajoright            
20002314  barrera_arriba                
ffffffff  binit                         
0000021f  enciende_leds                 
2000232c  estado                        
20000000  g_pfnRAMVectors               
00000000  g_pfnVectors                  
0000028d  main                          
00001045  memcpy                        
20002340  pos_100                       
20002344  pos_1000                      
20002348  posicion                      
20002310  toggle_L2                     
20002311  toggle_L3                     


GLOBAL SYMBOLS: SORTED BY Symbol Address 

address   name                          
-------   ----                          
00000000  __TI_static_base__            
00000000  g_pfnVectors                  
00000209  SysCtlSleepFake               
0000021f  enciende_leds                 
0000028d  main                          
00000711  IntTimer0                     
00000739  IntTimer1                     
00000831  UARTStdioConfig               
00000877  UARTwrite                     
000008c7  UARTgets                      
00000981  UARTgetc                      
000009a9  UARTvprintf                   
00000ca3  UARTprintf                    
00000cd9  SysCtlClockFreqSet            
00000ed9  GPIOPadConfigSet              
00001045  __aeabi_memcpy                
00001045  __aeabi_memcpy4               
00001045  __aeabi_memcpy8               
00001045  memcpy                        
000010e1  IntEnable                     
00001149  __TI_decompress_lzss          
000011b1  TimerConfigure                
00001211  GPIOPinConfigure              
000012a9  SysCtlPeripheralClockGating   
00001339  UARTConfigSetExpClk           
0000137f  __aeabi_idiv0                 
0000137f  __aeabi_ldiv0                 
00001381  __TI_auto_init_nobinit_nopinit
000013c5  __aeabi_uidiv                 
000013c5  __aeabi_uidivmod              
00001405  SysCtlPeripheralPresent       
0000143d  IntRegister                   
00001471  SysCtlPeripheralEnable        
000014a5  SysCtlPeripheralSleepEnable   
000014d9  _c_int00_noargs               
0000150d  GPIODirModeSet                
00001539  PWMGenConfigure               
0000155d  UARTDisable                   
0000159d  PWMPulseWidthSet              
000015bb  __TI_zero_init_nomemset       
000015d7  GPIOPinTypeGPIOOutput         
000015f1  TimerIntRegister              
00001609  GPIOPinTypeGPIOInput          
0000161f  GPIOPinTypePWM                
00001635  GPIOPinTypeUART               
0000164d  PWMClockSet                   
00001661  UARTEnable                    
00001675  PWMOutputState                
00001687  TimerLoadSet                  
00001699  IntMasterEnable               
000016a9  PWMGenPeriodSet               
000016b9  TimerEnable                   
000016c7  __TI_decompress_none          
000016d5  CPUcpsie                      
000016e1  PWMGenEnable                  
000016ed  ResetISR                      
000016f9  UARTCharGet                   
00001703  UARTCharPut                   
0000170d  TimerIntEnable                
00001715  GPIOPinRead                   
0000171b  GPIOPinWrite                  
00001721  SysCtlDelay                   
00001727  TimerClockSourceSet           
0000172d  TimerIntClear                 
00001731  _system_pre_init              
00001735  C$$EXIT                       
00001735  abort                         
00001b2c  __TI_Handler_Table_Base       
00001b38  __TI_Handler_Table_Limit      
00001b48  __TI_CINIT_Base               
00001b60  __TI_CINIT_Limit              
00002000  __STACK_SIZE                  
20000000  __start___llvm_prf_cnts       
20000000  __stop___llvm_prf_cnts        
20000000  g_pfnRAMVectors               
20000270  __stack                       
20000470  __STACK_TOP                   
20002270  LED                           
20002270  __STACK_END                   
20002310  toggle_L2                     
20002311  toggle_L3                     
20002314  barrera_arriba                
20002318  barrera_abajoleft             
2000231c  barrera_abajo                 
20002320  barrera_abajoright            
20002324  Min_pos                       
20002328  Flag_ints                     
2000232c  estado                        
20002338  PeriodoPWM                    
2000233c  RELOJ                         
20002340  pos_100                       
20002344  pos_1000                      
20002348  posicion                      
ffffffff  __TI_pprof_out_hndl           
ffffffff  __TI_prof_data_size           
ffffffff  __TI_prof_data_start          
ffffffff  __binit__                     
ffffffff  __c_args__                    
ffffffff  binit                         
UNDEFED   __mpu_init                    
UNDEFED   _system_post_cinit            

[101 symbols]
