<?xml version="1.0" encoding="ISO-8859-1" ?>
<link_info>
   <banner>TI ARM Linker PC v20.2.7.LTS</banner>
   <copyright>Copyright (c) 1996-2018 Texas Instruments Incorporated</copyright>
   <link_time>0x68f21356</link_time>
   <link_errors>0x0</link_errors>
   <output_file>PSEPAP4.out</output_file>
   <entry_point>
      <name>_c_int00_noargs</name>
      <address>0x1e31</address>
   </entry_point>
   <input_file_list>
      <input_file id="fl-2">
         <path>.\</path>
         <kind>object</kind>
         <file>ft800_TIVA.obj</file>
         <name>ft800_TIVA.obj</name>
      </input_file>
      <input_file id="fl-3">
         <path>.\</path>
         <kind>object</kind>
         <file>practica4_1.obj</file>
         <name>practica4_1.obj</name>
      </input_file>
      <input_file id="fl-4">
         <path>.\</path>
         <kind>object</kind>
         <file>tm4c1294ncpdt_startup_ccs.obj</file>
         <name>tm4c1294ncpdt_startup_ccs.obj</name>
      </input_file>
      <input_file id="fl-5">
         <path>.\</path>
         <kind>object</kind>
         <file>uartstdio.obj</file>
         <name>uartstdio.obj</name>
      </input_file>
      <input_file id="fl-a">
         <kind>object</kind>
         <file>&lt;internal&gt;</file>
         <name>&lt;internal&gt;</name>
      </input_file>
      <input_file id="fl-b">
         <path>C:\ti\TivaWare_C_Series-2.2.0.295\driverlib\ccs\Debug\</path>
         <kind>archive</kind>
         <file>driverlib.lib</file>
         <name>gpio.obj</name>
      </input_file>
      <input_file id="fl-c">
         <path>C:\ti\TivaWare_C_Series-2.2.0.295\driverlib\ccs\Debug\</path>
         <kind>archive</kind>
         <file>driverlib.lib</file>
         <name>interrupt.obj</name>
      </input_file>
      <input_file id="fl-d">
         <path>C:\ti\TivaWare_C_Series-2.2.0.295\driverlib\ccs\Debug\</path>
         <kind>archive</kind>
         <file>driverlib.lib</file>
         <name>ssi.obj</name>
      </input_file>
      <input_file id="fl-e">
         <path>C:\ti\TivaWare_C_Series-2.2.0.295\driverlib\ccs\Debug\</path>
         <kind>archive</kind>
         <file>driverlib.lib</file>
         <name>sysctl.obj</name>
      </input_file>
      <input_file id="fl-f">
         <path>C:\ti\TivaWare_C_Series-2.2.0.295\driverlib\ccs\Debug\</path>
         <kind>archive</kind>
         <file>driverlib.lib</file>
         <name>timer.obj</name>
      </input_file>
      <input_file id="fl-10">
         <path>C:\ti\TivaWare_C_Series-2.2.0.295\driverlib\ccs\Debug\</path>
         <kind>archive</kind>
         <file>driverlib.lib</file>
         <name>uart.obj</name>
      </input_file>
      <input_file id="fl-11">
         <path>C:\ti\TivaWare_C_Series-2.2.0.295\driverlib\ccs\Debug\</path>
         <kind>archive</kind>
         <file>driverlib.lib</file>
         <name>cpu.obj</name>
      </input_file>
      <input_file id="fl-c7">
         <path>C:\ti\ccs1281\ccs\tools\compiler\ti-cgt-arm_20.2.7.LTS\lib\</path>
         <kind>archive</kind>
         <file>rtsv7M4_T_le_v4SPD16_eabi.lib</file>
         <name>u_divt2.asm.obj</name>
      </input_file>
      <input_file id="fl-c8">
         <path>C:\ti\ccs1281\ccs\tools\compiler\ti-cgt-arm_20.2.7.LTS\lib\</path>
         <kind>archive</kind>
         <file>rtsv7M4_T_le_v4SPD16_eabi.lib</file>
         <name>copy_zero_init.c.obj</name>
      </input_file>
      <input_file id="fl-c9">
         <path>C:\ti\ccs1281\ccs\tools\compiler\ti-cgt-arm_20.2.7.LTS\lib\</path>
         <kind>archive</kind>
         <file>rtsv7M4_T_le_v4SPD16_eabi.lib</file>
         <name>copy_decompress_none.c.obj</name>
      </input_file>
      <input_file id="fl-ca">
         <path>C:\ti\ccs1281\ccs\tools\compiler\ti-cgt-arm_20.2.7.LTS\lib\</path>
         <kind>archive</kind>
         <file>rtsv7M4_T_le_v4SPD16_eabi.lib</file>
         <name>copy_decompress_lzss.c.obj</name>
      </input_file>
      <input_file id="fl-cb">
         <path>C:\ti\ccs1281\ccs\tools\compiler\ti-cgt-arm_20.2.7.LTS\lib\</path>
         <kind>archive</kind>
         <file>rtsv7M4_T_le_v4SPD16_eabi.lib</file>
         <name>boot_cortex_m.c.obj</name>
      </input_file>
      <input_file id="fl-cc">
         <path>C:\ti\ccs1281\ccs\tools\compiler\ti-cgt-arm_20.2.7.LTS\lib\</path>
         <kind>archive</kind>
         <file>rtsv7M4_T_le_v4SPD16_eabi.lib</file>
         <name>div0.asm.obj</name>
      </input_file>
      <input_file id="fl-cd">
         <path>C:\ti\ccs1281\ccs\tools\compiler\ti-cgt-arm_20.2.7.LTS\lib\</path>
         <kind>archive</kind>
         <file>rtsv7M4_T_le_v4SPD16_eabi.lib</file>
         <name>memcpy_t2.asm.obj</name>
      </input_file>
      <input_file id="fl-ce">
         <path>C:\ti\ccs1281\ccs\tools\compiler\ti-cgt-arm_20.2.7.LTS\lib\</path>
         <kind>archive</kind>
         <file>rtsv7M4_T_le_v4SPD16_eabi.lib</file>
         <name>memset_t2.asm.obj</name>
      </input_file>
      <input_file id="fl-cf">
         <path>C:\ti\ccs1281\ccs\tools\compiler\ti-cgt-arm_20.2.7.LTS\lib\</path>
         <kind>archive</kind>
         <file>rtsv7M4_T_le_v4SPD16_eabi.lib</file>
         <name>autoinit.c.obj</name>
      </input_file>
      <input_file id="fl-d0">
         <path>C:\ti\ccs1281\ccs\tools\compiler\ti-cgt-arm_20.2.7.LTS\lib\</path>
         <kind>archive</kind>
         <file>rtsv7M4_T_le_v4SPD16_eabi.lib</file>
         <name>pre_init.c.obj</name>
      </input_file>
      <input_file id="fl-d1">
         <path>C:\ti\ccs1281\ccs\tools\compiler\ti-cgt-arm_20.2.7.LTS\lib\</path>
         <kind>archive</kind>
         <file>rtsv7M4_T_le_v4SPD16_eabi.lib</file>
         <name>cpy_tbl.c.obj</name>
      </input_file>
      <input_file id="fl-d2">
         <path>C:\ti\ccs1281\ccs\tools\compiler\ti-cgt-arm_20.2.7.LTS\lib\</path>
         <kind>archive</kind>
         <file>rtsv7M4_T_le_v4SPD16_eabi.lib</file>
         <name>exit.c.obj</name>
      </input_file>
      <input_file id="fl-d3">
         <path>C:\ti\ccs1281\ccs\tools\compiler\ti-cgt-arm_20.2.7.LTS\lib\</path>
         <kind>archive</kind>
         <file>rtsv7M4_T_le_v4SPD16_eabi.lib</file>
         <name>_lock.c.obj</name>
      </input_file>
      <input_file id="fl-d4">
         <path>C:\ti\ccs1281\ccs\tools\compiler\ti-cgt-arm_20.2.7.LTS\lib\</path>
         <kind>archive</kind>
         <file>rtsv7M4_T_le_v4SPD16_eabi.lib</file>
         <name>args_main.c.obj</name>
      </input_file>
   </input_file_list>
   <object_component_list>
      <object_component id="oc-12">
         <name>.intvecs</name>
         <load_address>0x0</load_address>
         <run_address>0x0</run_address>
         <size>0x208</size>
         <input_file_ref idref="fl-4"/>
      </object_component>
      <object_component id="oc-d9">
         <name>.text</name>
         <load_address>0x208</load_address>
         <run_address>0x208</run_address>
         <size>0x113c</size>
         <input_file_ref idref="fl-2"/>
      </object_component>
      <object_component id="oc-9b">
         <name>.text</name>
         <load_address>0x1344</load_address>
         <run_address>0x1344</run_address>
         <size>0x3ec</size>
         <input_file_ref idref="fl-3"/>
      </object_component>
      <object_component id="oc-d3">
         <name>.text:SysCtlClockFreqSet</name>
         <load_address>0x1730</load_address>
         <run_address>0x1730</run_address>
         <size>0x200</size>
         <input_file_ref idref="fl-e"/>
      </object_component>
      <object_component id="oc-11b">
         <name>.text:GPIOPadConfigSet</name>
         <load_address>0x1930</load_address>
         <run_address>0x1930</run_address>
         <size>0x16c</size>
         <input_file_ref idref="fl-b"/>
      </object_component>
      <object_component id="oc-3b">
         <name>.text</name>
         <load_address>0x1a9c</load_address>
         <run_address>0x1a9c</run_address>
         <size>0x9c</size>
         <input_file_ref idref="fl-cd"/>
      </object_component>
      <object_component id="oc-fd">
         <name>.text:IntEnable</name>
         <load_address>0x1b38</load_address>
         <run_address>0x1b38</run_address>
         <size>0x68</size>
         <input_file_ref idref="fl-c"/>
      </object_component>
      <object_component id="oc-15">
         <name>.text:decompress:lzss:__TI_decompress_lzss</name>
         <load_address>0x1ba0</load_address>
         <run_address>0x1ba0</run_address>
         <size>0x68</size>
         <input_file_ref idref="fl-ca"/>
      </object_component>
      <object_component id="oc-eb">
         <name>.text:TimerConfigure</name>
         <load_address>0x1c08</load_address>
         <run_address>0x1c08</run_address>
         <size>0x60</size>
         <input_file_ref idref="fl-f"/>
      </object_component>
      <object_component id="oc-197">
         <name>.text:GPIOPinConfigure</name>
         <load_address>0x1c68</load_address>
         <run_address>0x1c68</run_address>
         <size>0x4c</size>
         <input_file_ref idref="fl-b"/>
      </object_component>
      <object_component id="oc-1d5">
         <name>.text:_TimerIntNumberGet</name>
         <load_address>0x1cb4</load_address>
         <run_address>0x1cb4</run_address>
         <size>0x4c</size>
         <input_file_ref idref="fl-f"/>
      </object_component>
      <object_component id="oc-186">
         <name>.text:_SysCtlFrequencyGet</name>
         <load_address>0x1d00</load_address>
         <run_address>0x1d00</run_address>
         <size>0x48</size>
         <input_file_ref idref="fl-e"/>
      </object_component>
      <object_component id="oc-143">
         <name>.text:__TI_auto_init_nobinit_nopinit:__TI_auto_init_nobinit_nopinit</name>
         <load_address>0x1d48</load_address>
         <run_address>0x1d48</run_address>
         <size>0x44</size>
         <input_file_ref idref="fl-cf"/>
      </object_component>
      <object_component id="oc-1a3">
         <name>.text:SSIConfigSetExpClk</name>
         <load_address>0x1d8c</load_address>
         <run_address>0x1d8c</run_address>
         <size>0x3c</size>
         <input_file_ref idref="fl-d"/>
      </object_component>
      <object_component id="oc-1db">
         <name>.text:IntRegister</name>
         <load_address>0x1dc8</load_address>
         <run_address>0x1dc8</run_address>
         <size>0x34</size>
         <input_file_ref idref="fl-c"/>
      </object_component>
      <object_component id="oc-df">
         <name>.text:SysCtlPeripheralEnable</name>
         <load_address>0x1dfc</load_address>
         <run_address>0x1dfc</run_address>
         <size>0x34</size>
         <input_file_ref idref="fl-e"/>
      </object_component>
      <object_component id="oc-59">
         <name>.text:_c_int00_noargs:_c_int00_noargs</name>
         <load_address>0x1e30</load_address>
         <run_address>0x1e30</run_address>
         <size>0x34</size>
         <input_file_ref idref="fl-cb"/>
      </object_component>
      <object_component id="oc-1f0">
         <name>.text:GPIODirModeSet</name>
         <load_address>0x1e64</load_address>
         <run_address>0x1e64</run_address>
         <size>0x2c</size>
         <input_file_ref idref="fl-b"/>
      </object_component>
      <object_component id="oc-180">
         <name>.text:_SysCtlMemTimingGet</name>
         <load_address>0x1e90</load_address>
         <run_address>0x1e90</run_address>
         <size>0x20</size>
         <input_file_ref idref="fl-e"/>
      </object_component>
      <object_component id="oc-47">
         <name>.text:decompress:ZI:__TI_zero_init_nomemset:__TI_zero_init_nomemset</name>
         <load_address>0x1eb0</load_address>
         <run_address>0x1eb0</run_address>
         <size>0x1c</size>
         <input_file_ref idref="fl-c8"/>
      </object_component>
      <object_component id="oc-121">
         <name>.text:GPIOPinTypeGPIOOutput</name>
         <load_address>0x1ecc</load_address>
         <run_address>0x1ecc</run_address>
         <size>0x1a</size>
         <input_file_ref idref="fl-b"/>
      </object_component>
      <object_component id="oc-f7">
         <name>.text:TimerIntRegister</name>
         <load_address>0x1ee6</load_address>
         <run_address>0x1ee6</run_address>
         <size>0x18</size>
         <input_file_ref idref="fl-f"/>
      </object_component>
      <object_component id="oc-115">
         <name>.text:GPIOPinTypeGPIOInput</name>
         <load_address>0x1efe</load_address>
         <run_address>0x1efe</run_address>
         <size>0x16</size>
         <input_file_ref idref="fl-b"/>
      </object_component>
      <object_component id="oc-19d">
         <name>.text:GPIOPinTypeSSI</name>
         <load_address>0x1f14</load_address>
         <run_address>0x1f14</run_address>
         <size>0x16</size>
         <input_file_ref idref="fl-b"/>
      </object_component>
      <object_component id="oc-f1">
         <name>.text:TimerLoadSet</name>
         <load_address>0x1f2a</load_address>
         <run_address>0x1f2a</run_address>
         <size>0x12</size>
         <input_file_ref idref="fl-f"/>
      </object_component>
      <object_component id="oc-109">
         <name>.text:IntMasterEnable</name>
         <load_address>0x1f3c</load_address>
         <run_address>0x1f3c</run_address>
         <size>0x10</size>
         <input_file_ref idref="fl-c"/>
      </object_component>
      <object_component id="oc-10f">
         <name>.text:TimerEnable</name>
         <load_address>0x1f4c</load_address>
         <run_address>0x1f4c</run_address>
         <size>0xe</size>
         <input_file_ref idref="fl-f"/>
      </object_component>
      <object_component id="oc-1b">
         <name>.text:decompress:none:__TI_decompress_none</name>
         <load_address>0x1f5a</load_address>
         <run_address>0x1f5a</run_address>
         <size>0xe</size>
         <input_file_ref idref="fl-c9"/>
      </object_component>
      <object_component id="oc-1e8">
         <name>.text:CPUcpsie</name>
         <load_address>0x1f68</load_address>
         <run_address>0x1f68</run_address>
         <size>0xc</size>
         <input_file_ref idref="fl-11"/>
      </object_component>
      <object_component id="oc-1bb">
         <name>.text:SSIDataGet</name>
         <load_address>0x1f74</load_address>
         <run_address>0x1f74</run_address>
         <size>0xc</size>
         <input_file_ref idref="fl-d"/>
      </object_component>
      <object_component id="oc-27">
         <name>.text</name>
         <load_address>0x1f80</load_address>
         <run_address>0x1f80</run_address>
         <size>0xc</size>
         <input_file_ref idref="fl-4"/>
      </object_component>
      <object_component id="oc-1af">
         <name>.text:SSIDataPut</name>
         <load_address>0x1f8c</load_address>
         <run_address>0x1f8c</run_address>
         <size>0xa</size>
         <input_file_ref idref="fl-d"/>
      </object_component>
      <object_component id="oc-1a9">
         <name>.text:SSIEnable</name>
         <load_address>0x1f96</load_address>
         <run_address>0x1f96</run_address>
         <size>0xa</size>
         <input_file_ref idref="fl-d"/>
      </object_component>
      <object_component id="oc-127">
         <name>.text:TimerValueGet</name>
         <load_address>0x1fa0</load_address>
         <run_address>0x1fa0</run_address>
         <size>0xa</size>
         <input_file_ref idref="fl-f"/>
      </object_component>
      <object_component id="oc-1b5">
         <name>.text:SSIBusy</name>
         <load_address>0x1faa</load_address>
         <run_address>0x1faa</run_address>
         <size>0x8</size>
         <input_file_ref idref="fl-d"/>
      </object_component>
      <object_component id="oc-103">
         <name>.text:TimerIntEnable</name>
         <load_address>0x1fb2</load_address>
         <run_address>0x1fb2</run_address>
         <size>0x8</size>
         <input_file_ref idref="fl-f"/>
      </object_component>
      <object_component id="oc-1c1">
         <name>.text:GPIOPinWrite</name>
         <load_address>0x1fba</load_address>
         <run_address>0x1fba</run_address>
         <size>0x6</size>
         <input_file_ref idref="fl-b"/>
      </object_component>
      <object_component id="oc-cf">
         <name>.text:SysCtlDelay</name>
         <load_address>0x1fc0</load_address>
         <run_address>0x1fc0</run_address>
         <size>0x6</size>
         <input_file_ref idref="fl-e"/>
      </object_component>
      <object_component id="oc-e5">
         <name>.text:TimerClockSourceSet</name>
         <load_address>0x1fc6</load_address>
         <run_address>0x1fc6</run_address>
         <size>0x6</size>
         <input_file_ref idref="fl-f"/>
      </object_component>
      <object_component id="oc-c9">
         <name>.text:TimerIntClear</name>
         <load_address>0x1fcc</load_address>
         <run_address>0x1fcc</run_address>
         <size>0x4</size>
         <input_file_ref idref="fl-f"/>
      </object_component>
      <object_component id="oc-95">
         <name>.text:_system_pre_init</name>
         <load_address>0x1fd0</load_address>
         <run_address>0x1fd0</run_address>
         <size>0x4</size>
         <input_file_ref idref="fl-d0"/>
      </object_component>
      <object_component id="oc-137">
         <name>.text:abort:abort</name>
         <load_address>0x1fd4</load_address>
         <run_address>0x1fd4</run_address>
         <size>0x4</size>
         <input_file_ref idref="fl-d2"/>
      </object_component>
      <object_component id="oc-18f">
         <name>.const:g_pppui32XTALtoVCO</name>
         <load_address>0x1fd8</load_address>
         <run_address>0x1fd8</run_address>
         <size>0x1b0</size>
         <input_file_ref idref="fl-e"/>
      </object_component>
      <object_component id="oc-246">
         <name>.const:g_pui32GPIOBaseAddrs</name>
         <load_address>0x2188</load_address>
         <run_address>0x2188</run_address>
         <size>0x90</size>
         <input_file_ref idref="fl-b"/>
      </object_component>
      <object_component id="oc-18c">
         <name>.const:g_pui32Xtals</name>
         <load_address>0x2218</load_address>
         <run_address>0x2218</run_address>
         <size>0x6c</size>
         <input_file_ref idref="fl-e"/>
      </object_component>
      <object_component id="oc-254">
         <name>.const:g_ppui32TimerIntMap</name>
         <load_address>0x2284</load_address>
         <run_address>0x2284</run_address>
         <size>0x60</size>
         <input_file_ref idref="fl-f"/>
      </object_component>
      <object_component id="oc-257">
         <name>.const:g_ppui32TimerIntMapSnowflake</name>
         <load_address>0x22e4</load_address>
         <run_address>0x22e4</run_address>
         <size>0x40</size>
         <input_file_ref idref="fl-f"/>
      </object_component>
      <object_component id="oc-230">
         <name>.const:g_sXTALtoMEMTIM</name>
         <load_address>0x2324</load_address>
         <run_address>0x2324</run_address>
         <size>0x30</size>
         <input_file_ref idref="fl-e"/>
      </object_component>
      <object_component id="oc-130">
         <name>.const:REG_CAL</name>
         <load_address>0x2354</load_address>
         <run_address>0x2354</run_address>
         <size>0x18</size>
         <input_file_ref idref="fl-3"/>
      </object_component>
      <object_component id="oc-1e2">
         <name>.const:g_pui32EnRegs</name>
         <load_address>0x236c</load_address>
         <run_address>0x236c</run_address>
         <size>0x14</size>
         <input_file_ref idref="fl-c"/>
      </object_component>
      <object_component id="oc-192">
         <name>.const:g_pui32VCOFrequencies</name>
         <load_address>0x2380</load_address>
         <run_address>0x2380</run_address>
         <size>0x8</size>
         <input_file_ref idref="fl-e"/>
      </object_component>
      <object_component id="oc-2cf">
         <name>.cinit..data.load</name>
         <load_address>0x2388</load_address>
         <run_address>0x2388</run_address>
         <size>0x13</size>
      </object_component>
      <object_component id="oc-2cc">
         <name>__TI_handler_table</name>
         <load_address>0x239c</load_address>
         <run_address>0x239c</run_address>
         <size>0xc</size>
      </object_component>
      <object_component id="oc-2d0">
         <name>.cinit..bss.load</name>
         <load_address>0x23a8</load_address>
         <run_address>0x23a8</run_address>
         <size>0x8</size>
      </object_component>
      <object_component id="oc-2ce">
         <name>.cinit..vtable.load</name>
         <load_address>0x23b0</load_address>
         <run_address>0x23b0</run_address>
         <size>0x8</size>
      </object_component>
      <object_component id="oc-2cd">
         <name>__TI_cinit_table</name>
         <load_address>0x23b8</load_address>
         <run_address>0x23b8</run_address>
         <size>0x18</size>
      </object_component>
      <object_component id="oc-25b">
         <name>.vtable</name>
         <uninitialized>true</uninitialized>
         <run_address>0x20000000</run_address>
         <size>0x26c</size>
         <input_file_ref idref="fl-c"/>
      </object_component>
      <object_component id="oc-1cc">
         <name>.data</name>
         <load_address>0x20002298</load_address>
         <run_address>0x20002298</run_address>
         <size>0x18</size>
         <input_file_ref idref="fl-2"/>
      </object_component>
      <object_component id="oc-d0">
         <name>.data</name>
         <load_address>0x200022b0</load_address>
         <run_address>0x200022b0</run_address>
         <size>0xd</size>
         <input_file_ref idref="fl-3"/>
      </object_component>
      <object_component id="oc-133">
         <name>.common:POSX</name>
         <uninitialized>true</uninitialized>
         <run_address>0x20002288</run_address>
         <size>0x4</size>
      </object_component>
      <object_component id="oc-134">
         <name>.common:POSY</name>
         <uninitialized>true</uninitialized>
         <run_address>0x2000228c</run_address>
         <size>0x4</size>
      </object_component>
      <object_component id="oc-1cf">
         <name>.common:BufferXY</name>
         <uninitialized>true</uninitialized>
         <run_address>0x20002270</run_address>
         <size>0x4</size>
      </object_component>
      <object_component id="oc-1cb">
         <name>.common:SSI_BASE</name>
         <uninitialized>true</uninitialized>
         <run_address>0x20002294</run_address>
         <size>0x4</size>
      </object_component>
      <object_component id="oc-1c7">
         <name>.common:CS_PORT</name>
         <uninitialized>true</uninitialized>
         <run_address>0x20002278</run_address>
         <size>0x4</size>
      </object_component>
      <object_component id="oc-1c8">
         <name>.common:CS_PIN</name>
         <uninitialized>true</uninitialized>
         <run_address>0x20002274</run_address>
         <size>0x4</size>
      </object_component>
      <object_component id="oc-1c9">
         <name>.common:PD_PORT</name>
         <uninitialized>true</uninitialized>
         <run_address>0x20002284</run_address>
         <size>0x4</size>
      </object_component>
      <object_component id="oc-1ca">
         <name>.common:PD_PIN</name>
         <uninitialized>true</uninitialized>
         <run_address>0x20002280</run_address>
         <size>0x4</size>
      </object_component>
      <object_component id="oc-12d">
         <name>.common:RELOJ</name>
         <uninitialized>true</uninitialized>
         <run_address>0x20002290</run_address>
         <size>0x4</size>
      </object_component>
      <object_component id="oc-135">
         <name>.common:Load</name>
         <uninitialized>true</uninitialized>
         <run_address>0x2000227c</run_address>
         <size>0x4</size>
      </object_component>
      <object_component id="oc-24">
         <name>.stack</name>
         <uninitialized>true</uninitialized>
         <run_address>0x20000270</run_address>
         <size>0x4</size>
         <input_file_ref idref="fl-cb"/>
      </object_component>
      <object_component id="oc-2d2">
         <name>.stack</name>
         <uninitialized>true</uninitialized>
         <run_address>0x20000270</run_address>
         <size>0x0</size>
      </object_component>
      <object_component id="oc-b7">
         <name>.debug_info</name>
         <load_address>0x0</load_address>
         <run_address>0x0</run_address>
         <size>0x598</size>
         <input_file_ref idref="fl-2"/>
      </object_component>
      <object_component id="oc-1cd">
         <name>.debug_info</name>
         <load_address>0x598</load_address>
         <run_address>0x598</run_address>
         <size>0x171</size>
         <input_file_ref idref="fl-2"/>
      </object_component>
      <object_component id="oc-da">
         <name>.debug_info</name>
         <load_address>0x709</load_address>
         <run_address>0x709</run_address>
         <size>0x4531</size>
         <input_file_ref idref="fl-2"/>
      </object_component>
      <object_component id="oc-70">
         <name>.debug_info</name>
         <load_address>0x4c3a</load_address>
         <run_address>0x4c3a</run_address>
         <size>0x26b</size>
         <input_file_ref idref="fl-2"/>
      </object_component>
      <object_component id="oc-b2">
         <name>.debug_info</name>
         <load_address>0x4ea5</load_address>
         <run_address>0x4ea5</run_address>
         <size>0x8b</size>
         <input_file_ref idref="fl-2"/>
      </object_component>
      <object_component id="oc-ad">
         <name>.debug_info</name>
         <load_address>0x4f30</load_address>
         <run_address>0x4f30</run_address>
         <size>0x2a4</size>
         <input_file_ref idref="fl-2"/>
      </object_component>
      <object_component id="oc-75">
         <name>.debug_info</name>
         <load_address>0x51d4</load_address>
         <run_address>0x51d4</run_address>
         <size>0xbb</size>
         <input_file_ref idref="fl-2"/>
      </object_component>
      <object_component id="oc-12e">
         <name>.debug_info</name>
         <load_address>0x528f</load_address>
         <run_address>0x528f</run_address>
         <size>0x95d</size>
         <input_file_ref idref="fl-3"/>
      </object_component>
      <object_component id="oc-d1">
         <name>.debug_info</name>
         <load_address>0x5bec</load_address>
         <run_address>0x5bec</run_address>
         <size>0x114</size>
         <input_file_ref idref="fl-3"/>
      </object_component>
      <object_component id="oc-131">
         <name>.debug_info</name>
         <load_address>0x5d00</load_address>
         <run_address>0x5d00</run_address>
         <size>0xcf</size>
         <input_file_ref idref="fl-3"/>
      </object_component>
      <object_component id="oc-9c">
         <name>.debug_info</name>
         <load_address>0x5dcf</load_address>
         <run_address>0x5dcf</run_address>
         <size>0x5ba</size>
         <input_file_ref idref="fl-3"/>
      </object_component>
      <object_component id="oc-1fd">
         <name>.debug_info</name>
         <load_address>0x6389</load_address>
         <run_address>0x6389</run_address>
         <size>0x186</size>
         <input_file_ref idref="fl-3"/>
      </object_component>
      <object_component id="oc-2f">
         <name>.debug_info</name>
         <load_address>0x650f</load_address>
         <run_address>0x650f</run_address>
         <size>0x2a8</size>
         <input_file_ref idref="fl-4"/>
      </object_component>
      <object_component id="oc-13">
         <name>.debug_info</name>
         <load_address>0x67b7</load_address>
         <run_address>0x67b7</run_address>
         <size>0xe7</size>
         <input_file_ref idref="fl-4"/>
      </object_component>
      <object_component id="oc-2a">
         <name>.debug_info</name>
         <load_address>0x689e</load_address>
         <run_address>0x689e</run_address>
         <size>0x266</size>
         <input_file_ref idref="fl-4"/>
      </object_component>
      <object_component id="oc-36">
         <name>.debug_info</name>
         <load_address>0x6b04</load_address>
         <run_address>0x6b04</run_address>
         <size>0x84</size>
         <input_file_ref idref="fl-4"/>
      </object_component>
      <object_component id="oc-1f7">
         <name>.debug_info</name>
         <load_address>0x6b88</load_address>
         <run_address>0x6b88</run_address>
         <size>0x3e4</size>
         <input_file_ref idref="fl-b"/>
      </object_component>
      <object_component id="oc-247">
         <name>.debug_info</name>
         <load_address>0x6f6c</load_address>
         <run_address>0x6f6c</run_address>
         <size>0x164</size>
         <input_file_ref idref="fl-b"/>
      </object_component>
      <object_component id="oc-1c3">
         <name>.debug_info</name>
         <load_address>0x70d0</load_address>
         <run_address>0x70d0</run_address>
         <size>0x2ac</size>
         <input_file_ref idref="fl-b"/>
      </object_component>
      <object_component id="oc-1f2">
         <name>.debug_info</name>
         <load_address>0x737c</load_address>
         <run_address>0x737c</run_address>
         <size>0x2bc</size>
         <input_file_ref idref="fl-b"/>
      </object_component>
      <object_component id="oc-11d">
         <name>.debug_info</name>
         <load_address>0x7638</load_address>
         <run_address>0x7638</run_address>
         <size>0x31f</size>
         <input_file_ref idref="fl-b"/>
      </object_component>
      <object_component id="oc-19f">
         <name>.debug_info</name>
         <load_address>0x7957</load_address>
         <run_address>0x7957</run_address>
         <size>0x299</size>
         <input_file_ref idref="fl-b"/>
      </object_component>
      <object_component id="oc-123">
         <name>.debug_info</name>
         <load_address>0x7bf0</load_address>
         <run_address>0x7bf0</run_address>
         <size>0x2c0</size>
         <input_file_ref idref="fl-b"/>
      </object_component>
      <object_component id="oc-117">
         <name>.debug_info</name>
         <load_address>0x7eb0</load_address>
         <run_address>0x7eb0</run_address>
         <size>0x2a5</size>
         <input_file_ref idref="fl-b"/>
      </object_component>
      <object_component id="oc-199">
         <name>.debug_info</name>
         <load_address>0x8155</load_address>
         <run_address>0x8155</run_address>
         <size>0x289</size>
         <input_file_ref idref="fl-b"/>
      </object_component>
      <object_component id="oc-22b">
         <name>.debug_info</name>
         <load_address>0x83de</load_address>
         <run_address>0x83de</run_address>
         <size>0x26b</size>
         <input_file_ref idref="fl-b"/>
      </object_component>
      <object_component id="oc-224">
         <name>.debug_info</name>
         <load_address>0x8649</load_address>
         <run_address>0x8649</run_address>
         <size>0x297</size>
         <input_file_ref idref="fl-b"/>
      </object_component>
      <object_component id="oc-235">
         <name>.debug_info</name>
         <load_address>0x88e0</load_address>
         <run_address>0x88e0</run_address>
         <size>0xef</size>
         <input_file_ref idref="fl-b"/>
      </object_component>
      <object_component id="oc-178">
         <name>.debug_info</name>
         <load_address>0x89cf</load_address>
         <run_address>0x89cf</run_address>
         <size>0xbb</size>
         <input_file_ref idref="fl-b"/>
      </object_component>
      <object_component id="oc-1e6">
         <name>.debug_info</name>
         <load_address>0x8a8a</load_address>
         <run_address>0x8a8a</run_address>
         <size>0x3b7</size>
         <input_file_ref idref="fl-c"/>
      </object_component>
      <object_component id="oc-1e3">
         <name>.debug_info</name>
         <load_address>0x8e41</load_address>
         <run_address>0x8e41</run_address>
         <size>0x15b</size>
         <input_file_ref idref="fl-c"/>
      </object_component>
      <object_component id="oc-25c">
         <name>.debug_info</name>
         <load_address>0x8f9c</load_address>
         <run_address>0x8f9c</run_address>
         <size>0x160</size>
         <input_file_ref idref="fl-c"/>
      </object_component>
      <object_component id="oc-1dc">
         <name>.debug_info</name>
         <load_address>0x90fc</load_address>
         <run_address>0x90fc</run_address>
         <size>0x2ca</size>
         <input_file_ref idref="fl-c"/>
      </object_component>
      <object_component id="oc-10a">
         <name>.debug_info</name>
         <load_address>0x93c6</load_address>
         <run_address>0x93c6</run_address>
         <size>0x247</size>
         <input_file_ref idref="fl-c"/>
      </object_component>
      <object_component id="oc-ff">
         <name>.debug_info</name>
         <load_address>0x960d</load_address>
         <run_address>0x960d</run_address>
         <size>0x271</size>
         <input_file_ref idref="fl-c"/>
      </object_component>
      <object_component id="oc-24c">
         <name>.debug_info</name>
         <load_address>0x987e</load_address>
         <run_address>0x987e</run_address>
         <size>0x3c0</size>
         <input_file_ref idref="fl-d"/>
      </object_component>
      <object_component id="oc-1aa">
         <name>.debug_info</name>
         <load_address>0x9c3e</load_address>
         <run_address>0x9c3e</run_address>
         <size>0x24b</size>
         <input_file_ref idref="fl-d"/>
      </object_component>
      <object_component id="oc-1b1">
         <name>.debug_info</name>
         <load_address>0x9e89</load_address>
         <run_address>0x9e89</run_address>
         <size>0x27f</size>
         <input_file_ref idref="fl-d"/>
      </object_component>
      <object_component id="oc-1bd">
         <name>.debug_info</name>
         <load_address>0xa108</load_address>
         <run_address>0xa108</run_address>
         <size>0x283</size>
         <input_file_ref idref="fl-d"/>
      </object_component>
      <object_component id="oc-1a5">
         <name>.debug_info</name>
         <load_address>0xa38b</load_address>
         <run_address>0xa38b</run_address>
         <size>0x3e2</size>
         <input_file_ref idref="fl-d"/>
      </object_component>
      <object_component id="oc-1b7">
         <name>.debug_info</name>
         <load_address>0xa76d</load_address>
         <run_address>0xa76d</run_address>
         <size>0x24b</size>
         <input_file_ref idref="fl-d"/>
      </object_component>
      <object_component id="oc-196">
         <name>.debug_info</name>
         <load_address>0xa9b8</load_address>
         <run_address>0xa9b8</run_address>
         <size>0x441</size>
         <input_file_ref idref="fl-e"/>
      </object_component>
      <object_component id="oc-18d">
         <name>.debug_info</name>
         <load_address>0xadf9</load_address>
         <run_address>0xadf9</run_address>
         <size>0x156</size>
         <input_file_ref idref="fl-e"/>
      </object_component>
      <object_component id="oc-190">
         <name>.debug_info</name>
         <load_address>0xaf4f</load_address>
         <run_address>0xaf4f</run_address>
         <size>0x162</size>
         <input_file_ref idref="fl-e"/>
      </object_component>
      <object_component id="oc-231">
         <name>.debug_info</name>
         <load_address>0xb0b1</load_address>
         <run_address>0xb0b1</run_address>
         <size>0x15c</size>
         <input_file_ref idref="fl-e"/>
      </object_component>
      <object_component id="oc-193">
         <name>.debug_info</name>
         <load_address>0xb20d</load_address>
         <run_address>0xb20d</run_address>
         <size>0x169</size>
         <input_file_ref idref="fl-e"/>
      </object_component>
      <object_component id="oc-e2">
         <name>.debug_info</name>
         <load_address>0xb376</load_address>
         <run_address>0xb376</run_address>
         <size>0x286</size>
         <input_file_ref idref="fl-e"/>
      </object_component>
      <object_component id="oc-182">
         <name>.debug_info</name>
         <load_address>0xb5fc</load_address>
         <run_address>0xb5fc</run_address>
         <size>0x279</size>
         <input_file_ref idref="fl-e"/>
      </object_component>
      <object_component id="oc-188">
         <name>.debug_info</name>
         <load_address>0xb875</load_address>
         <run_address>0xb875</run_address>
         <size>0x2c3</size>
         <input_file_ref idref="fl-e"/>
      </object_component>
      <object_component id="oc-d5">
         <name>.debug_info</name>
         <load_address>0xbb38</load_address>
         <run_address>0xbb38</run_address>
         <size>0x4a3</size>
         <input_file_ref idref="fl-e"/>
      </object_component>
      <object_component id="oc-242">
         <name>.debug_info</name>
         <load_address>0xbfdb</load_address>
         <run_address>0xbfdb</run_address>
         <size>0x51</size>
         <input_file_ref idref="fl-e"/>
      </object_component>
      <object_component id="oc-17d">
         <name>.debug_info</name>
         <load_address>0xc02c</load_address>
         <run_address>0xc02c</run_address>
         <size>0x3c7</size>
         <input_file_ref idref="fl-f"/>
      </object_component>
      <object_component id="oc-255">
         <name>.debug_info</name>
         <load_address>0xc3f3</load_address>
         <run_address>0xc3f3</run_address>
         <size>0x163</size>
         <input_file_ref idref="fl-f"/>
      </object_component>
      <object_component id="oc-258">
         <name>.debug_info</name>
         <load_address>0xc556</load_address>
         <run_address>0xc556</run_address>
         <size>0x175</size>
         <input_file_ref idref="fl-f"/>
      </object_component>
      <object_component id="oc-12b">
         <name>.debug_info</name>
         <load_address>0xc6cb</load_address>
         <run_address>0xc6cb</run_address>
         <size>0x293</size>
         <input_file_ref idref="fl-f"/>
      </object_component>
      <object_component id="oc-f3">
         <name>.debug_info</name>
         <load_address>0xc95e</load_address>
         <run_address>0xc95e</run_address>
         <size>0x2c3</size>
         <input_file_ref idref="fl-f"/>
      </object_component>
      <object_component id="oc-1d7">
         <name>.debug_info</name>
         <load_address>0xcc21</load_address>
         <run_address>0xcc21</run_address>
         <size>0x2f4</size>
         <input_file_ref idref="fl-f"/>
      </object_component>
      <object_component id="oc-f8">
         <name>.debug_info</name>
         <load_address>0xcf15</load_address>
         <run_address>0xcf15</run_address>
         <size>0x2ed</size>
         <input_file_ref idref="fl-f"/>
      </object_component>
      <object_component id="oc-105">
         <name>.debug_info</name>
         <load_address>0xd202</load_address>
         <run_address>0xd202</run_address>
         <size>0x29d</size>
         <input_file_ref idref="fl-f"/>
      </object_component>
      <object_component id="oc-cb">
         <name>.debug_info</name>
         <load_address>0xd49f</load_address>
         <run_address>0xd49f</run_address>
         <size>0x29b</size>
         <input_file_ref idref="fl-f"/>
      </object_component>
      <object_component id="oc-111">
         <name>.debug_info</name>
         <load_address>0xd73a</load_address>
         <run_address>0xd73a</run_address>
         <size>0x288</size>
         <input_file_ref idref="fl-f"/>
      </object_component>
      <object_component id="oc-ed">
         <name>.debug_info</name>
         <load_address>0xd9c2</load_address>
         <run_address>0xd9c2</run_address>
         <size>0x295</size>
         <input_file_ref idref="fl-f"/>
      </object_component>
      <object_component id="oc-e7">
         <name>.debug_info</name>
         <load_address>0xdc57</load_address>
         <run_address>0xdc57</run_address>
         <size>0x29f</size>
         <input_file_ref idref="fl-f"/>
      </object_component>
      <object_component id="oc-1eb">
         <name>.debug_info</name>
         <load_address>0xdef6</load_address>
         <run_address>0xdef6</run_address>
         <size>0x21b</size>
         <input_file_ref idref="fl-11"/>
      </object_component>
      <object_component id="oc-8e">
         <name>.debug_info</name>
         <load_address>0xe111</load_address>
         <run_address>0xe111</run_address>
         <size>0x2d4</size>
         <input_file_ref idref="fl-c8"/>
      </object_component>
      <object_component id="oc-48">
         <name>.debug_info</name>
         <load_address>0xe3e5</load_address>
         <run_address>0xe3e5</run_address>
         <size>0x1d2</size>
         <input_file_ref idref="fl-c8"/>
      </object_component>
      <object_component id="oc-89">
         <name>.debug_info</name>
         <load_address>0xe5b7</load_address>
         <run_address>0xe5b7</run_address>
         <size>0x46</size>
         <input_file_ref idref="fl-c8"/>
      </object_component>
      <object_component id="oc-c0">
         <name>.debug_info</name>
         <load_address>0xe5fd</load_address>
         <run_address>0xe5fd</run_address>
         <size>0x2c</size>
         <input_file_ref idref="fl-c8"/>
      </object_component>
      <object_component id="oc-46">
         <name>.debug_info</name>
         <load_address>0xe629</load_address>
         <run_address>0xe629</run_address>
         <size>0x2a8</size>
         <input_file_ref idref="fl-c9"/>
      </object_component>
      <object_component id="oc-1d">
         <name>.debug_info</name>
         <load_address>0xe8d1</load_address>
         <run_address>0xe8d1</run_address>
         <size>0x1ea</size>
         <input_file_ref idref="fl-c9"/>
      </object_component>
      <object_component id="oc-41">
         <name>.debug_info</name>
         <load_address>0xeabb</load_address>
         <run_address>0xeabb</run_address>
         <size>0x46</size>
         <input_file_ref idref="fl-c9"/>
      </object_component>
      <object_component id="oc-81">
         <name>.debug_info</name>
         <load_address>0xeb01</load_address>
         <run_address>0xeb01</run_address>
         <size>0x2c</size>
         <input_file_ref idref="fl-c9"/>
      </object_component>
      <object_component id="oc-7f">
         <name>.debug_info</name>
         <load_address>0xeb2d</load_address>
         <run_address>0xeb2d</run_address>
         <size>0x29e</size>
         <input_file_ref idref="fl-ca"/>
      </object_component>
      <object_component id="oc-16">
         <name>.debug_info</name>
         <load_address>0xedcb</load_address>
         <run_address>0xedcb</run_address>
         <size>0x250</size>
         <input_file_ref idref="fl-ca"/>
      </object_component>
      <object_component id="oc-31">
         <name>.debug_info</name>
         <load_address>0xf01b</load_address>
         <run_address>0xf01b</run_address>
         <size>0x60</size>
         <input_file_ref idref="fl-ca"/>
      </object_component>
      <object_component id="oc-b9">
         <name>.debug_info</name>
         <load_address>0xf07b</load_address>
         <run_address>0xf07b</run_address>
         <size>0x46</size>
         <input_file_ref idref="fl-ca"/>
      </object_component>
      <object_component id="oc-7a">
         <name>.debug_info</name>
         <load_address>0xf0c1</load_address>
         <run_address>0xf0c1</run_address>
         <size>0x39</size>
         <input_file_ref idref="fl-ca"/>
      </object_component>
      <object_component id="oc-25">
         <name>.debug_info</name>
         <load_address>0xf0fa</load_address>
         <run_address>0xf0fa</run_address>
         <size>0x10b</size>
         <input_file_ref idref="fl-cb"/>
      </object_component>
      <object_component id="oc-5a">
         <name>.debug_info</name>
         <load_address>0xf205</load_address>
         <run_address>0xf205</run_address>
         <size>0x1a9</size>
         <input_file_ref idref="fl-cb"/>
      </object_component>
      <object_component id="oc-3c">
         <name>.debug_info</name>
         <load_address>0xf3ae</load_address>
         <run_address>0xf3ae</run_address>
         <size>0x119</size>
         <input_file_ref idref="fl-cd"/>
      </object_component>
      <object_component id="oc-20f">
         <name>.debug_info</name>
         <load_address>0xf4c7</load_address>
         <run_address>0xf4c7</run_address>
         <size>0x4b3</size>
         <input_file_ref idref="fl-cf"/>
      </object_component>
      <object_component id="oc-144">
         <name>.debug_info</name>
         <load_address>0xf97a</load_address>
         <run_address>0xf97a</run_address>
         <size>0x1a6</size>
         <input_file_ref idref="fl-cf"/>
      </object_component>
      <object_component id="oc-277">
         <name>.debug_info</name>
         <load_address>0xfb20</load_address>
         <run_address>0xfb20</run_address>
         <size>0x39</size>
         <input_file_ref idref="fl-cf"/>
      </object_component>
      <object_component id="oc-297">
         <name>.debug_info</name>
         <load_address>0xfb59</load_address>
         <run_address>0xfb59</run_address>
         <size>0x39</size>
         <input_file_ref idref="fl-cf"/>
      </object_component>
      <object_component id="oc-27c">
         <name>.debug_info</name>
         <load_address>0xfb92</load_address>
         <run_address>0xfb92</run_address>
         <size>0x39</size>
         <input_file_ref idref="fl-cf"/>
      </object_component>
      <object_component id="oc-281">
         <name>.debug_info</name>
         <load_address>0xfbcb</load_address>
         <run_address>0xfbcb</run_address>
         <size>0xcd</size>
         <input_file_ref idref="fl-cf"/>
      </object_component>
      <object_component id="oc-99">
         <name>.debug_info</name>
         <load_address>0xfc98</load_address>
         <run_address>0xfc98</run_address>
         <size>0x153</size>
         <input_file_ref idref="fl-d0"/>
      </object_component>
      <object_component id="oc-138">
         <name>.debug_info</name>
         <load_address>0xfdeb</load_address>
         <run_address>0xfdeb</run_address>
         <size>0x122</size>
         <input_file_ref idref="fl-d2"/>
      </object_component>
      <object_component id="oc-2d3">
         <name>.debug_info</name>
         <load_address>0xff0d</load_address>
         <run_address>0xff0d</run_address>
         <size>0x99</size>
      </object_component>
      <object_component id="oc-176">
         <name>.debug_line</name>
         <load_address>0x0</load_address>
         <run_address>0x0</run_address>
         <size>0xd6</size>
         <input_file_ref idref="fl-2"/>
      </object_component>
      <object_component id="oc-253">
         <name>.debug_line</name>
         <load_address>0xd6</load_address>
         <run_address>0xd6</run_address>
         <size>0x33</size>
         <input_file_ref idref="fl-2"/>
      </object_component>
      <object_component id="oc-de">
         <name>.debug_line</name>
         <load_address>0x109</load_address>
         <run_address>0x109</run_address>
         <size>0xbd1</size>
         <input_file_ref idref="fl-2"/>
      </object_component>
      <object_component id="oc-73">
         <name>.debug_line</name>
         <load_address>0xcda</load_address>
         <run_address>0xcda</run_address>
         <size>0x6f</size>
         <input_file_ref idref="fl-2"/>
      </object_component>
      <object_component id="oc-b5">
         <name>.debug_line</name>
         <load_address>0xd49</load_address>
         <run_address>0xd49</run_address>
         <size>0x20</size>
         <input_file_ref idref="fl-2"/>
      </object_component>
      <object_component id="oc-b0">
         <name>.debug_line</name>
         <load_address>0xd69</load_address>
         <run_address>0xd69</run_address>
         <size>0x73</size>
         <input_file_ref idref="fl-2"/>
      </object_component>
      <object_component id="oc-78">
         <name>.debug_line</name>
         <load_address>0xddc</load_address>
         <run_address>0xddc</run_address>
         <size>0x70</size>
         <input_file_ref idref="fl-2"/>
      </object_component>
      <object_component id="oc-1fc">
         <name>.debug_line</name>
         <load_address>0xe4c</load_address>
         <run_address>0xe4c</run_address>
         <size>0x127</size>
         <input_file_ref idref="fl-3"/>
      </object_component>
      <object_component id="oc-17f">
         <name>.debug_line</name>
         <load_address>0xf73</load_address>
         <run_address>0xf73</run_address>
         <size>0x34</size>
         <input_file_ref idref="fl-3"/>
      </object_component>
      <object_component id="oc-203">
         <name>.debug_line</name>
         <load_address>0xfa7</load_address>
         <run_address>0xfa7</run_address>
         <size>0x34</size>
         <input_file_ref idref="fl-3"/>
      </object_component>
      <object_component id="oc-a0">
         <name>.debug_line</name>
         <load_address>0xfdb</load_address>
         <run_address>0xfdb</run_address>
         <size>0x12d</size>
         <input_file_ref idref="fl-3"/>
      </object_component>
      <object_component id="oc-200">
         <name>.debug_line</name>
         <load_address>0x1108</load_address>
         <run_address>0x1108</run_address>
         <size>0x56</size>
         <input_file_ref idref="fl-3"/>
      </object_component>
      <object_component id="oc-6f">
         <name>.debug_line</name>
         <load_address>0x115e</load_address>
         <run_address>0x115e</run_address>
         <size>0x42</size>
         <input_file_ref idref="fl-4"/>
      </object_component>
      <object_component id="oc-2e">
         <name>.debug_line</name>
         <load_address>0x11a0</load_address>
         <run_address>0x11a0</run_address>
         <size>0x42</size>
         <input_file_ref idref="fl-4"/>
      </object_component>
      <object_component id="oc-28">
         <name>.debug_line</name>
         <load_address>0x11e2</load_address>
         <run_address>0x11e2</run_address>
         <size>0xa2</size>
         <input_file_ref idref="fl-4"/>
      </object_component>
      <object_component id="oc-39">
         <name>.debug_line</name>
         <load_address>0x1284</load_address>
         <run_address>0x1284</run_address>
         <size>0x20</size>
         <input_file_ref idref="fl-4"/>
      </object_component>
      <object_component id="oc-266">
         <name>.debug_line</name>
         <load_address>0x12a4</load_address>
         <run_address>0x12a4</run_address>
         <size>0x82</size>
         <input_file_ref idref="fl-b"/>
      </object_component>
      <object_component id="oc-28b">
         <name>.debug_line</name>
         <load_address>0x1326</load_address>
         <run_address>0x1326</run_address>
         <size>0x7d</size>
         <input_file_ref idref="fl-b"/>
      </object_component>
      <object_component id="oc-1c2">
         <name>.debug_line</name>
         <load_address>0x13a3</load_address>
         <run_address>0x13a3</run_address>
         <size>0x92</size>
         <input_file_ref idref="fl-b"/>
      </object_component>
      <object_component id="oc-1f1">
         <name>.debug_line</name>
         <load_address>0x1435</load_address>
         <run_address>0x1435</run_address>
         <size>0x95</size>
         <input_file_ref idref="fl-b"/>
      </object_component>
      <object_component id="oc-11c">
         <name>.debug_line</name>
         <load_address>0x14ca</load_address>
         <run_address>0x14ca</run_address>
         <size>0xc4</size>
         <input_file_ref idref="fl-b"/>
      </object_component>
      <object_component id="oc-19e">
         <name>.debug_line</name>
         <load_address>0x158e</load_address>
         <run_address>0x158e</run_address>
         <size>0x99</size>
         <input_file_ref idref="fl-b"/>
      </object_component>
      <object_component id="oc-122">
         <name>.debug_line</name>
         <load_address>0x1627</load_address>
         <run_address>0x1627</run_address>
         <size>0x99</size>
         <input_file_ref idref="fl-b"/>
      </object_component>
      <object_component id="oc-116">
         <name>.debug_line</name>
         <load_address>0x16c0</load_address>
         <run_address>0x16c0</run_address>
         <size>0x99</size>
         <input_file_ref idref="fl-b"/>
      </object_component>
      <object_component id="oc-198">
         <name>.debug_line</name>
         <load_address>0x1759</load_address>
         <run_address>0x1759</run_address>
         <size>0xa7</size>
         <input_file_ref idref="fl-b"/>
      </object_component>
      <object_component id="oc-22e">
         <name>.debug_line</name>
         <load_address>0x1800</load_address>
         <run_address>0x1800</run_address>
         <size>0x71</size>
         <input_file_ref idref="fl-b"/>
      </object_component>
      <object_component id="oc-227">
         <name>.debug_line</name>
         <load_address>0x1871</load_address>
         <run_address>0x1871</run_address>
         <size>0x75</size>
         <input_file_ref idref="fl-b"/>
      </object_component>
      <object_component id="oc-238">
         <name>.debug_line</name>
         <load_address>0x18e6</load_address>
         <run_address>0x18e6</run_address>
         <size>0x71</size>
         <input_file_ref idref="fl-b"/>
      </object_component>
      <object_component id="oc-17b">
         <name>.debug_line</name>
         <load_address>0x1957</load_address>
         <run_address>0x1957</run_address>
         <size>0x72</size>
         <input_file_ref idref="fl-b"/>
      </object_component>
      <object_component id="oc-262">
         <name>.debug_line</name>
         <load_address>0x19c9</load_address>
         <run_address>0x19c9</run_address>
         <size>0x7c</size>
         <input_file_ref idref="fl-c"/>
      </object_component>
      <object_component id="oc-260">
         <name>.debug_line</name>
         <load_address>0x1a45</load_address>
         <run_address>0x1a45</run_address>
         <size>0x82</size>
         <input_file_ref idref="fl-c"/>
      </object_component>
      <object_component id="oc-293">
         <name>.debug_line</name>
         <load_address>0x1ac7</load_address>
         <run_address>0x1ac7</run_address>
         <size>0x82</size>
         <input_file_ref idref="fl-c"/>
      </object_component>
      <object_component id="oc-1e0">
         <name>.debug_line</name>
         <load_address>0x1b49</load_address>
         <run_address>0x1b49</run_address>
         <size>0xaf</size>
         <input_file_ref idref="fl-c"/>
      </object_component>
      <object_component id="oc-10d">
         <name>.debug_line</name>
         <load_address>0x1bf8</load_address>
         <run_address>0x1bf8</run_address>
         <size>0x97</size>
         <input_file_ref idref="fl-c"/>
      </object_component>
      <object_component id="oc-102">
         <name>.debug_line</name>
         <load_address>0x1c8f</load_address>
         <run_address>0x1c8f</run_address>
         <size>0xc2</size>
         <input_file_ref idref="fl-c"/>
      </object_component>
      <object_component id="oc-28d">
         <name>.debug_line</name>
         <load_address>0x1d51</load_address>
         <run_address>0x1d51</run_address>
         <size>0x82</size>
         <input_file_ref idref="fl-d"/>
      </object_component>
      <object_component id="oc-1ad">
         <name>.debug_line</name>
         <load_address>0x1dd3</load_address>
         <run_address>0x1dd3</run_address>
         <size>0x91</size>
         <input_file_ref idref="fl-d"/>
      </object_component>
      <object_component id="oc-1b0">
         <name>.debug_line</name>
         <load_address>0x1e64</load_address>
         <run_address>0x1e64</run_address>
         <size>0x94</size>
         <input_file_ref idref="fl-d"/>
      </object_component>
      <object_component id="oc-1bc">
         <name>.debug_line</name>
         <load_address>0x1ef8</load_address>
         <run_address>0x1ef8</run_address>
         <size>0x94</size>
         <input_file_ref idref="fl-d"/>
      </object_component>
      <object_component id="oc-1a4">
         <name>.debug_line</name>
         <load_address>0x1f8c</load_address>
         <run_address>0x1f8c</run_address>
         <size>0xa3</size>
         <input_file_ref idref="fl-d"/>
      </object_component>
      <object_component id="oc-1b6">
         <name>.debug_line</name>
         <load_address>0x202f</load_address>
         <run_address>0x202f</run_address>
         <size>0x91</size>
         <input_file_ref idref="fl-d"/>
      </object_component>
      <object_component id="oc-241">
         <name>.debug_line</name>
         <load_address>0x20c0</load_address>
         <run_address>0x20c0</run_address>
         <size>0x13d</size>
         <input_file_ref idref="fl-e"/>
      </object_component>
      <object_component id="oc-23b">
         <name>.debug_line</name>
         <load_address>0x21fd</load_address>
         <run_address>0x21fd</run_address>
         <size>0x7f</size>
         <input_file_ref idref="fl-e"/>
      </object_component>
      <object_component id="oc-23d">
         <name>.debug_line</name>
         <load_address>0x227c</load_address>
         <run_address>0x227c</run_address>
         <size>0x7f</size>
         <input_file_ref idref="fl-e"/>
      </object_component>
      <object_component id="oc-289">
         <name>.debug_line</name>
         <load_address>0x22fb</load_address>
         <run_address>0x22fb</run_address>
         <size>0x7f</size>
         <input_file_ref idref="fl-e"/>
      </object_component>
      <object_component id="oc-23f">
         <name>.debug_line</name>
         <load_address>0x237a</load_address>
         <run_address>0x237a</run_address>
         <size>0x7f</size>
         <input_file_ref idref="fl-e"/>
      </object_component>
      <object_component id="oc-e0">
         <name>.debug_line</name>
         <load_address>0x23f9</load_address>
         <run_address>0x23f9</run_address>
         <size>0x94</size>
         <input_file_ref idref="fl-e"/>
      </object_component>
      <object_component id="oc-185">
         <name>.debug_line</name>
         <load_address>0x248d</load_address>
         <run_address>0x248d</run_address>
         <size>0x9e</size>
         <input_file_ref idref="fl-e"/>
      </object_component>
      <object_component id="oc-18b">
         <name>.debug_line</name>
         <load_address>0x252b</load_address>
         <run_address>0x252b</run_address>
         <size>0xae</size>
         <input_file_ref idref="fl-e"/>
      </object_component>
      <object_component id="oc-d8">
         <name>.debug_line</name>
         <load_address>0x25d9</load_address>
         <run_address>0x25d9</run_address>
         <size>0x192</size>
         <input_file_ref idref="fl-e"/>
      </object_component>
      <object_component id="oc-244">
         <name>.debug_line</name>
         <load_address>0x276b</load_address>
         <run_address>0x276b</run_address>
         <size>0x7f</size>
         <input_file_ref idref="fl-e"/>
      </object_component>
      <object_component id="oc-22a">
         <name>.debug_line</name>
         <load_address>0x27ea</load_address>
         <run_address>0x27ea</run_address>
         <size>0x82</size>
         <input_file_ref idref="fl-f"/>
      </object_component>
      <object_component id="oc-28f">
         <name>.debug_line</name>
         <load_address>0x286c</load_address>
         <run_address>0x286c</run_address>
         <size>0x7e</size>
         <input_file_ref idref="fl-f"/>
      </object_component>
      <object_component id="oc-291">
         <name>.debug_line</name>
         <load_address>0x28ea</load_address>
         <run_address>0x28ea</run_address>
         <size>0x7e</size>
         <input_file_ref idref="fl-f"/>
      </object_component>
      <object_component id="oc-128">
         <name>.debug_line</name>
         <load_address>0x2968</load_address>
         <run_address>0x2968</run_address>
         <size>0x93</size>
         <input_file_ref idref="fl-f"/>
      </object_component>
      <object_component id="oc-f2">
         <name>.debug_line</name>
         <load_address>0x29fb</load_address>
         <run_address>0x29fb</run_address>
         <size>0x9c</size>
         <input_file_ref idref="fl-f"/>
      </object_component>
      <object_component id="oc-1d6">
         <name>.debug_line</name>
         <load_address>0x2a97</load_address>
         <run_address>0x2a97</run_address>
         <size>0xaf</size>
         <input_file_ref idref="fl-f"/>
      </object_component>
      <object_component id="oc-fb">
         <name>.debug_line</name>
         <load_address>0x2b46</load_address>
         <run_address>0x2b46</run_address>
         <size>0x9a</size>
         <input_file_ref idref="fl-f"/>
      </object_component>
      <object_component id="oc-104">
         <name>.debug_line</name>
         <load_address>0x2be0</load_address>
         <run_address>0x2be0</run_address>
         <size>0x93</size>
         <input_file_ref idref="fl-f"/>
      </object_component>
      <object_component id="oc-ca">
         <name>.debug_line</name>
         <load_address>0x2c73</load_address>
         <run_address>0x2c73</run_address>
         <size>0x93</size>
         <input_file_ref idref="fl-f"/>
      </object_component>
      <object_component id="oc-110">
         <name>.debug_line</name>
         <load_address>0x2d06</load_address>
         <run_address>0x2d06</run_address>
         <size>0x93</size>
         <input_file_ref idref="fl-f"/>
      </object_component>
      <object_component id="oc-f0">
         <name>.debug_line</name>
         <load_address>0x2d99</load_address>
         <run_address>0x2d99</run_address>
         <size>0xb7</size>
         <input_file_ref idref="fl-f"/>
      </object_component>
      <object_component id="oc-e9">
         <name>.debug_line</name>
         <load_address>0x2e50</load_address>
         <run_address>0x2e50</run_address>
         <size>0x93</size>
         <input_file_ref idref="fl-f"/>
      </object_component>
      <object_component id="oc-1e9">
         <name>.debug_line</name>
         <load_address>0x2ee3</load_address>
         <run_address>0x2ee3</run_address>
         <size>0x91</size>
         <input_file_ref idref="fl-11"/>
      </object_component>
      <object_component id="oc-c6">
         <name>.debug_line</name>
         <load_address>0x2f74</load_address>
         <run_address>0x2f74</run_address>
         <size>0x92</size>
         <input_file_ref idref="fl-c8"/>
      </object_component>
      <object_component id="oc-4c">
         <name>.debug_line</name>
         <load_address>0x3006</load_address>
         <run_address>0x3006</run_address>
         <size>0x4c</size>
         <input_file_ref idref="fl-c8"/>
      </object_component>
      <object_component id="oc-8c">
         <name>.debug_line</name>
         <load_address>0x3052</load_address>
         <run_address>0x3052</run_address>
         <size>0x34</size>
         <input_file_ref idref="fl-c8"/>
      </object_component>
      <object_component id="oc-c3">
         <name>.debug_line</name>
         <load_address>0x3086</load_address>
         <run_address>0x3086</run_address>
         <size>0x92</size>
         <input_file_ref idref="fl-c8"/>
      </object_component>
      <object_component id="oc-87">
         <name>.debug_line</name>
         <load_address>0x3118</load_address>
         <run_address>0x3118</run_address>
         <size>0x20</size>
         <input_file_ref idref="fl-c9"/>
      </object_component>
      <object_component id="oc-1f">
         <name>.debug_line</name>
         <load_address>0x3138</load_address>
         <run_address>0x3138</run_address>
         <size>0x55</size>
         <input_file_ref idref="fl-c9"/>
      </object_component>
      <object_component id="oc-44">
         <name>.debug_line</name>
         <load_address>0x318d</load_address>
         <run_address>0x318d</run_address>
         <size>0x3a</size>
         <input_file_ref idref="fl-c9"/>
      </object_component>
      <object_component id="oc-84">
         <name>.debug_line</name>
         <load_address>0x31c7</load_address>
         <run_address>0x31c7</run_address>
         <size>0x92</size>
         <input_file_ref idref="fl-c9"/>
      </object_component>
      <object_component id="oc-bf">
         <name>.debug_line</name>
         <load_address>0x3259</load_address>
         <run_address>0x3259</run_address>
         <size>0x20</size>
         <input_file_ref idref="fl-ca"/>
      </object_component>
      <object_component id="oc-1a">
         <name>.debug_line</name>
         <load_address>0x3279</load_address>
         <run_address>0x3279</run_address>
         <size>0xa9</size>
         <input_file_ref idref="fl-ca"/>
      </object_component>
      <object_component id="oc-34">
         <name>.debug_line</name>
         <load_address>0x3322</load_address>
         <run_address>0x3322</run_address>
         <size>0x3a</size>
         <input_file_ref idref="fl-ca"/>
      </object_component>
      <object_component id="oc-bc">
         <name>.debug_line</name>
         <load_address>0x335c</load_address>
         <run_address>0x335c</run_address>
         <size>0x9a</size>
         <input_file_ref idref="fl-ca"/>
      </object_component>
      <object_component id="oc-7d">
         <name>.debug_line</name>
         <load_address>0x33f6</load_address>
         <run_address>0x33f6</run_address>
         <size>0x96</size>
         <input_file_ref idref="fl-ca"/>
      </object_component>
      <object_component id="oc-6c">
         <name>.debug_line</name>
         <load_address>0x348c</load_address>
         <run_address>0x348c</run_address>
         <size>0x33</size>
         <input_file_ref idref="fl-cb"/>
      </object_component>
      <object_component id="oc-5e">
         <name>.debug_line</name>
         <load_address>0x34bf</load_address>
         <run_address>0x34bf</run_address>
         <size>0x45</size>
         <input_file_ref idref="fl-cb"/>
      </object_component>
      <object_component id="oc-3f">
         <name>.debug_line</name>
         <load_address>0x3504</load_address>
         <run_address>0x3504</run_address>
         <size>0x88</size>
         <input_file_ref idref="fl-cd"/>
      </object_component>
      <object_component id="oc-276">
         <name>.debug_line</name>
         <load_address>0x358c</load_address>
         <run_address>0x358c</run_address>
         <size>0xbf</size>
         <input_file_ref idref="fl-cf"/>
      </object_component>
      <object_component id="oc-147">
         <name>.debug_line</name>
         <load_address>0x364b</load_address>
         <run_address>0x364b</run_address>
         <size>0x6f</size>
         <input_file_ref idref="fl-cf"/>
      </object_component>
      <object_component id="oc-27a">
         <name>.debug_line</name>
         <load_address>0x36ba</load_address>
         <run_address>0x36ba</run_address>
         <size>0x2e</size>
         <input_file_ref idref="fl-cf"/>
      </object_component>
      <object_component id="oc-29a">
         <name>.debug_line</name>
         <load_address>0x36e8</load_address>
         <run_address>0x36e8</run_address>
         <size>0x9a</size>
         <input_file_ref idref="fl-cf"/>
      </object_component>
      <object_component id="oc-27f">
         <name>.debug_line</name>
         <load_address>0x3782</load_address>
         <run_address>0x3782</run_address>
         <size>0x97</size>
         <input_file_ref idref="fl-cf"/>
      </object_component>
      <object_component id="oc-284">
         <name>.debug_line</name>
         <load_address>0x3819</load_address>
         <run_address>0x3819</run_address>
         <size>0x93</size>
         <input_file_ref idref="fl-cf"/>
      </object_component>
      <object_component id="oc-96">
         <name>.debug_line</name>
         <load_address>0x38ac</load_address>
         <run_address>0x38ac</run_address>
         <size>0x40</size>
         <input_file_ref idref="fl-d0"/>
      </object_component>
      <object_component id="oc-13b">
         <name>.debug_line</name>
         <load_address>0x38ec</load_address>
         <run_address>0x38ec</run_address>
         <size>0x3c</size>
         <input_file_ref idref="fl-d2"/>
      </object_component>
      <object_component id="oc-dd">
         <name>.debug_frame</name>
         <load_address>0x0</load_address>
         <run_address>0x0</run_address>
         <size>0x63c</size>
         <input_file_ref idref="fl-2"/>
      </object_component>
      <object_component id="oc-9f">
         <name>.debug_frame</name>
         <load_address>0x63c</load_address>
         <run_address>0x63c</run_address>
         <size>0x90</size>
         <input_file_ref idref="fl-3"/>
      </object_component>
      <object_component id="oc-29">
         <name>.debug_frame</name>
         <load_address>0x6cc</load_address>
         <run_address>0x6cc</run_address>
         <size>0x90</size>
         <input_file_ref idref="fl-4"/>
      </object_component>
      <object_component id="oc-1c6">
         <name>.debug_frame</name>
         <load_address>0x75c</load_address>
         <run_address>0x75c</run_address>
         <size>0x54</size>
         <input_file_ref idref="fl-b"/>
      </object_component>
      <object_component id="oc-1f5">
         <name>.debug_frame</name>
         <load_address>0x7b0</load_address>
         <run_address>0x7b0</run_address>
         <size>0x54</size>
         <input_file_ref idref="fl-b"/>
      </object_component>
      <object_component id="oc-120">
         <name>.debug_frame</name>
         <load_address>0x804</load_address>
         <run_address>0x804</run_address>
         <size>0x68</size>
         <input_file_ref idref="fl-b"/>
      </object_component>
      <object_component id="oc-1a2">
         <name>.debug_frame</name>
         <load_address>0x86c</load_address>
         <run_address>0x86c</run_address>
         <size>0x58</size>
         <input_file_ref idref="fl-b"/>
      </object_component>
      <object_component id="oc-126">
         <name>.debug_frame</name>
         <load_address>0x8c4</load_address>
         <run_address>0x8c4</run_address>
         <size>0x5c</size>
         <input_file_ref idref="fl-b"/>
      </object_component>
      <object_component id="oc-11a">
         <name>.debug_frame</name>
         <load_address>0x920</load_address>
         <run_address>0x920</run_address>
         <size>0x58</size>
         <input_file_ref idref="fl-b"/>
      </object_component>
      <object_component id="oc-19c">
         <name>.debug_frame</name>
         <load_address>0x978</load_address>
         <run_address>0x978</run_address>
         <size>0x58</size>
         <input_file_ref idref="fl-b"/>
      </object_component>
      <object_component id="oc-1df">
         <name>.debug_frame</name>
         <load_address>0x9d0</load_address>
         <run_address>0x9d0</run_address>
         <size>0x60</size>
         <input_file_ref idref="fl-c"/>
      </object_component>
      <object_component id="oc-10e">
         <name>.debug_frame</name>
         <load_address>0xa30</load_address>
         <run_address>0xa30</run_address>
         <size>0x58</size>
         <input_file_ref idref="fl-c"/>
      </object_component>
      <object_component id="oc-fe">
         <name>.debug_frame</name>
         <load_address>0xa88</load_address>
         <run_address>0xa88</run_address>
         <size>0x54</size>
         <input_file_ref idref="fl-c"/>
      </object_component>
      <object_component id="oc-1ae">
         <name>.debug_frame</name>
         <load_address>0xadc</load_address>
         <run_address>0xadc</run_address>
         <size>0x54</size>
         <input_file_ref idref="fl-d"/>
      </object_component>
      <object_component id="oc-1b4">
         <name>.debug_frame</name>
         <load_address>0xb30</load_address>
         <run_address>0xb30</run_address>
         <size>0x54</size>
         <input_file_ref idref="fl-d"/>
      </object_component>
      <object_component id="oc-1c0">
         <name>.debug_frame</name>
         <load_address>0xb84</load_address>
         <run_address>0xb84</run_address>
         <size>0x54</size>
         <input_file_ref idref="fl-d"/>
      </object_component>
      <object_component id="oc-1a8">
         <name>.debug_frame</name>
         <load_address>0xbd8</load_address>
         <run_address>0xbd8</run_address>
         <size>0x58</size>
         <input_file_ref idref="fl-d"/>
      </object_component>
      <object_component id="oc-1ba">
         <name>.debug_frame</name>
         <load_address>0xc30</load_address>
         <run_address>0xc30</run_address>
         <size>0x54</size>
         <input_file_ref idref="fl-d"/>
      </object_component>
      <object_component id="oc-e1">
         <name>.debug_frame</name>
         <load_address>0xc84</load_address>
         <run_address>0xc84</run_address>
         <size>0x54</size>
         <input_file_ref idref="fl-e"/>
      </object_component>
      <object_component id="oc-181">
         <name>.debug_frame</name>
         <load_address>0xcd8</load_address>
         <run_address>0xcd8</run_address>
         <size>0x54</size>
         <input_file_ref idref="fl-e"/>
      </object_component>
      <object_component id="oc-187">
         <name>.debug_frame</name>
         <load_address>0xd2c</load_address>
         <run_address>0xd2c</run_address>
         <size>0x5c</size>
         <input_file_ref idref="fl-e"/>
      </object_component>
      <object_component id="oc-d4">
         <name>.debug_frame</name>
         <load_address>0xd88</load_address>
         <run_address>0xd88</run_address>
         <size>0x6c</size>
         <input_file_ref idref="fl-e"/>
      </object_component>
      <object_component id="oc-129">
         <name>.debug_frame</name>
         <load_address>0xdf4</load_address>
         <run_address>0xdf4</run_address>
         <size>0x54</size>
         <input_file_ref idref="fl-f"/>
      </object_component>
      <object_component id="oc-f6">
         <name>.debug_frame</name>
         <load_address>0xe48</load_address>
         <run_address>0xe48</run_address>
         <size>0x54</size>
         <input_file_ref idref="fl-f"/>
      </object_component>
      <object_component id="oc-1da">
         <name>.debug_frame</name>
         <load_address>0xe9c</load_address>
         <run_address>0xe9c</run_address>
         <size>0x5c</size>
         <input_file_ref idref="fl-f"/>
      </object_component>
      <object_component id="oc-fc">
         <name>.debug_frame</name>
         <load_address>0xef8</load_address>
         <run_address>0xef8</run_address>
         <size>0x5c</size>
         <input_file_ref idref="fl-f"/>
      </object_component>
      <object_component id="oc-108">
         <name>.debug_frame</name>
         <load_address>0xf54</load_address>
         <run_address>0xf54</run_address>
         <size>0x54</size>
         <input_file_ref idref="fl-f"/>
      </object_component>
      <object_component id="oc-ce">
         <name>.debug_frame</name>
         <load_address>0xfa8</load_address>
         <run_address>0xfa8</run_address>
         <size>0x54</size>
         <input_file_ref idref="fl-f"/>
      </object_component>
      <object_component id="oc-114">
         <name>.debug_frame</name>
         <load_address>0xffc</load_address>
         <run_address>0xffc</run_address>
         <size>0x54</size>
         <input_file_ref idref="fl-f"/>
      </object_component>
      <object_component id="oc-ef">
         <name>.debug_frame</name>
         <load_address>0x1050</load_address>
         <run_address>0x1050</run_address>
         <size>0x58</size>
         <input_file_ref idref="fl-f"/>
      </object_component>
      <object_component id="oc-ea">
         <name>.debug_frame</name>
         <load_address>0x10a8</load_address>
         <run_address>0x10a8</run_address>
         <size>0x54</size>
         <input_file_ref idref="fl-f"/>
      </object_component>
      <object_component id="oc-1ea">
         <name>.debug_frame</name>
         <load_address>0x10fc</load_address>
         <run_address>0x10fc</run_address>
         <size>0x54</size>
         <input_file_ref idref="fl-11"/>
      </object_component>
      <object_component id="oc-4b">
         <name>.debug_frame</name>
         <load_address>0x1150</load_address>
         <run_address>0x1150</run_address>
         <size>0x54</size>
         <input_file_ref idref="fl-c8"/>
      </object_component>
      <object_component id="oc-20">
         <name>.debug_frame</name>
         <load_address>0x11a4</load_address>
         <run_address>0x11a4</run_address>
         <size>0x54</size>
         <input_file_ref idref="fl-c9"/>
      </object_component>
      <object_component id="oc-19">
         <name>.debug_frame</name>
         <load_address>0x11f8</load_address>
         <run_address>0x11f8</run_address>
         <size>0x60</size>
         <input_file_ref idref="fl-ca"/>
      </object_component>
      <object_component id="oc-5d">
         <name>.debug_frame</name>
         <load_address>0x1258</load_address>
[...]
      </symbol>
      <symbol id="sm-107">
         <name>POSY</name>
         <value>0x2000228c</value>
      </symbol>
      <symbol id="sm-108">
         <name>BufferXY</name>
         <value>0x20002270</value>
      </symbol>
      <symbol id="sm-109">
         <name>SSI_BASE</name>
         <value>0x20002294</value>
      </symbol>
      <symbol id="sm-10a">
         <name>CS_PORT</name>
         <value>0x20002278</value>
      </symbol>
      <symbol id="sm-10b">
         <name>CS_PIN</name>
         <value>0x20002274</value>
      </symbol>
      <symbol id="sm-10c">
         <name>PD_PORT</name>
         <value>0x20002284</value>
      </symbol>
      <symbol id="sm-10d">
         <name>PD_PIN</name>
         <value>0x20002280</value>
      </symbol>
      <symbol id="sm-10e">
         <name>Fadein</name>
         <value>0x12a5</value>
         <object_component_ref idref="oc-d9"/>
      </symbol>
      <symbol id="sm-10f">
         <name>ComNum</name>
         <value>0xb99</value>
         <object_component_ref idref="oc-d9"/>
      </symbol>
      <symbol id="sm-110">
         <name>Ejecuta_Lista</name>
         <value>0xc55</value>
         <object_component_ref idref="oc-d9"/>
      </symbol>
      <symbol id="sm-111">
         <name>FT800_SPI_HostCommandDummyRead</name>
         <value>0x67b</value>
         <object_component_ref idref="oc-d9"/>
      </symbol>
      <symbol id="sm-112">
         <name>Nueva_pantalla</name>
         <value>0xcb7</value>
         <object_component_ref idref="oc-d9"/>
      </symbol>
      <symbol id="sm-113">
         <name>PWMOnOff</name>
         <value>0x989</value>
         <object_component_ref idref="oc-d9"/>
      </symbol>
      <symbol id="sm-114">
         <name>Esc_Reg</name>
         <value>0xd73</value>
         <object_component_ref idref="oc-d9"/>
      </symbol>
      <symbol id="sm-115">
         <name>FT800_SPI_SendAddressRD</name>
         <value>0x407</value>
         <object_component_ref idref="oc-d9"/>
      </symbol>
      <symbol id="sm-116">
         <name>Lee_Reg</name>
         <value>0xd37</value>
         <object_component_ref idref="oc-d9"/>
      </symbol>
      <symbol id="sm-117">
         <name>POSYANT</name>
         <value>0x200022a8</value>
         <object_component_ref idref="oc-1cc"/>
      </symbol>
      <symbol id="sm-118">
         <name>ComRect</name>
         <value>0xfe1</value>
         <object_component_ref idref="oc-d9"/>
      </symbol>
      <symbol id="sm-119">
         <name>FT800_SPI_SendAddressWR</name>
         <value>0x3b1</value>
         <object_component_ref idref="oc-d9"/>
      </symbol>
      <symbol id="sm-11a">
         <name>ComEsperaFin</name>
         <value>0x8e5</value>
         <object_component_ref idref="oc-d9"/>
      </symbol>
      <symbol id="sm-11b">
         <name>FT800_SPI_Read32</name>
         <value>0x561</value>
         <object_component_ref idref="oc-d9"/>
      </symbol>
      <symbol id="sm-11c">
         <name>ComLine</name>
         <value>0xf8f</value>
         <object_component_ref idref="oc-d9"/>
      </symbol>
      <symbol id="sm-11d">
         <name>FT800_SPI_Read8</name>
         <value>0x605</value>
         <object_component_ref idref="oc-d9"/>
      </symbol>
      <symbol id="sm-11e">
         <name>CMD_Offset</name>
         <value>0x200022ac</value>
         <object_component_ref idref="oc-1cc"/>
      </symbol>
      <symbol id="sm-11f">
         <name>ComProgressbar</name>
         <value>0xdd9</value>
         <object_component_ref idref="oc-d9"/>
      </symbol>
      <symbol id="sm-120">
         <name>Inicia_pantalla</name>
         <value>0x6e9</value>
         <object_component_ref idref="oc-d9"/>
      </symbol>
      <symbol id="sm-121">
         <name>t</name>
         <value>0x200022a4</value>
         <object_component_ref idref="oc-1cc"/>
      </symbol>
      <symbol id="sm-122">
         <name>ComFgcolor</name>
         <value>0xe23</value>
         <object_component_ref idref="oc-d9"/>
      </symbol>
      <symbol id="sm-123">
         <name>HAL_SPI_ReadWrite</name>
         <value>0x31f</value>
         <object_component_ref idref="oc-d9"/>
      </symbol>
      <symbol id="sm-124">
         <name>HAL_Init_SPI</name>
         <value>0x209</value>
         <object_component_ref idref="oc-d9"/>
      </symbol>
      <symbol id="sm-125">
         <name>FT800_IncCMDOffset</name>
         <value>0x6b7</value>
         <object_component_ref idref="oc-d9"/>
      </symbol>
      <symbol id="sm-126">
         <name>PantOnOff</name>
         <value>0x929</value>
         <object_component_ref idref="oc-d9"/>
      </symbol>
      <symbol id="sm-127">
         <name>ComGradient</name>
         <value>0x11a3</value>
         <object_component_ref idref="oc-d9"/>
      </symbol>
      <symbol id="sm-128">
         <name>FT800_SPI_HostCommand</name>
         <value>0x631</value>
         <object_component_ref idref="oc-d9"/>
      </symbol>
      <symbol id="sm-129">
         <name>HAL_SPI_CSLow</name>
         <value>0x35b</value>
         <object_component_ref idref="oc-d9"/>
      </symbol>
      <symbol id="sm-12a">
         <name>ComPointSize</name>
         <value>0x10ed</value>
         <object_component_ref idref="oc-d9"/>
      </symbol>
      <symbol id="sm-12b">
         <name>Delay</name>
         <value>0x3a7</value>
         <object_component_ref idref="oc-d9"/>
      </symbol>
      <symbol id="sm-12c">
         <name>Espera_pant</name>
         <value>0x10b7</value>
         <object_component_ref idref="oc-d9"/>
      </symbol>
      <symbol id="sm-12d">
         <name>ComBgcolor</name>
         <value>0xe61</value>
         <object_component_ref idref="oc-d9"/>
      </symbol>
      <symbol id="sm-12e">
         <name>Fadeout</name>
         <value>0x1261</value>
         <object_component_ref idref="oc-d9"/>
      </symbol>
      <symbol id="sm-12f">
         <name>ComVertex2ff</name>
         <value>0xa79</value>
         <object_component_ref idref="oc-d9"/>
      </symbol>
      <symbol id="sm-130">
         <name>HAL_SPI_CSHigh</name>
         <value>0x36d</value>
         <object_component_ref idref="oc-d9"/>
      </symbol>
      <symbol id="sm-131">
         <name>Com_Punto</name>
         <value>0x10ff</value>
         <object_component_ref idref="oc-d9"/>
      </symbol>
      <symbol id="sm-132">
         <name>HAL_SPI_PDhigh</name>
         <value>0x393</value>
         <object_component_ref idref="oc-d9"/>
      </symbol>
      <symbol id="sm-133">
         <name>ComCirculo</name>
         <value>0x107b</value>
         <object_component_ref idref="oc-d9"/>
      </symbol>
      <symbol id="sm-134">
         <name>Calibra_touch</name>
         <value>0x1137</value>
         <object_component_ref idref="oc-d9"/>
      </symbol>
      <symbol id="sm-135">
         <name>ComButton</name>
         <value>0xe9f</value>
         <object_component_ref idref="oc-d9"/>
      </symbol>
      <symbol id="sm-136">
         <name>EscribeRam16</name>
         <value>0x9ef</value>
         <object_component_ref idref="oc-d9"/>
      </symbol>
      <symbol id="sm-137">
         <name>TocaNota</name>
         <value>0x11ff</value>
         <object_component_ref idref="oc-d9"/>
      </symbol>
      <symbol id="sm-138">
         <name>PadFIFO</name>
         <value>0xc6f</value>
         <object_component_ref idref="oc-d9"/>
      </symbol>
      <symbol id="sm-139">
         <name>FinNota</name>
         <value>0x1235</value>
         <object_component_ref idref="oc-d9"/>
      </symbol>
      <symbol id="sm-13a">
         <name>EscribeRam32</name>
         <value>0x9c1</value>
         <object_component_ref idref="oc-d9"/>
      </symbol>
      <symbol id="sm-13b">
         <name>chipid</name>
         <value>0x20002298</value>
         <object_component_ref idref="oc-1cc"/>
      </symbol>
      <symbol id="sm-13c">
         <name>ComColor</name>
         <value>0xad9</value>
         <object_component_ref idref="oc-d9"/>
      </symbol>
      <symbol id="sm-13d">
         <name>EscribeRamTxt</name>
         <value>0xa4f</value>
         <object_component_ref idref="oc-d9"/>
      </symbol>
      <symbol id="sm-13e">
         <name>ComScrollbar</name>
         <value>0xd8f</value>
         <object_component_ref idref="oc-d9"/>
      </symbol>
      <symbol id="sm-13f">
         <name>Dibuja</name>
         <value>0xca1</value>
         <object_component_ref idref="oc-d9"/>
      </symbol>
      <symbol id="sm-140">
         <name>ComLineWidth</name>
         <value>0x10db</value>
         <object_component_ref idref="oc-d9"/>
      </symbol>
      <symbol id="sm-141">
         <name>HAL_SPI_PDlow</name>
         <value>0x381</value>
         <object_component_ref idref="oc-d9"/>
      </symbol>
      <symbol id="sm-142">
         <name>VolNota</name>
         <value>0x11e1</value>
         <object_component_ref idref="oc-d9"/>
      </symbol>
      <symbol id="sm-143">
         <name>Lee_Reg8</name>
         <value>0xd53</value>
         <object_component_ref idref="oc-d9"/>
      </symbol>
      <symbol id="sm-144">
         <name>cmdBufferRd</name>
         <value>0x2000229c</value>
         <object_component_ref idref="oc-1cc"/>
      </symbol>
      <symbol id="sm-145">
         <name>ComTeclas</name>
         <value>0xbf1</value>
         <object_component_ref idref="oc-d9"/>
      </symbol>
      <symbol id="sm-146">
         <name>FT800_SPI_Write16</name>
         <value>0x4c1</value>
         <object_component_ref idref="oc-d9"/>
      </symbol>
      <symbol id="sm-147">
         <name>FT800_SPI_Write32</name>
         <value>0x46b</value>
         <object_component_ref idref="oc-d9"/>
      </symbol>
      <symbol id="sm-148">
         <name>ComTXT</name>
         <value>0xb31</value>
         <object_component_ref idref="oc-d9"/>
      </symbol>
      <symbol id="sm-149">
         <name>cmdBufferWr</name>
         <value>0x200022a0</value>
         <object_component_ref idref="oc-1cc"/>
      </symbol>
      <symbol id="sm-14a">
         <name>FT800_SPI_Write8</name>
         <value>0x4f3</value>
         <object_component_ref idref="oc-d9"/>
      </symbol>
      <symbol id="sm-14b">
         <name>Lee_pantalla</name>
         <value>0xd03</value>
         <object_component_ref idref="oc-d9"/>
      </symbol>
      <symbol id="sm-14c">
         <name>EscribeRam8</name>
         <value>0xa1d</value>
         <object_component_ref idref="oc-d9"/>
      </symbol>
      <symbol id="sm-14d">
         <name>Boton</name>
         <value>0xf05</value>
         <object_component_ref idref="oc-d9"/>
      </symbol>
      <symbol id="sm-1a0">
         <name>RELOJ</name>
         <value>0x20002290</value>
      </symbol>
      <symbol id="sm-1a1">
         <name>Load</name>
         <value>0x2000227c</value>
      </symbol>
      <symbol id="sm-1a2">
         <name>Yp</name>
         <value>0x200022b0</value>
         <object_component_ref idref="oc-d0"/>
      </symbol>
      <symbol id="sm-1a3">
         <name>Xp</name>
         <value>0x200022b4</value>
         <object_component_ref idref="oc-d0"/>
      </symbol>
      <symbol id="sm-1a4">
         <name>Flag_ints</name>
         <value>0x200022b8</value>
         <object_component_ref idref="oc-d0"/>
      </symbol>
      <symbol id="sm-1a5">
         <name>IntTimer</name>
         <value>0x135b</value>
         <object_component_ref idref="oc-9b"/>
      </symbol>
      <symbol id="sm-1a6">
         <name>Fin</name>
         <value>0x200022bc</value>
         <object_component_ref idref="oc-d0"/>
      </symbol>
      <symbol id="sm-1a7">
         <name>main</name>
         <value>0x1379</value>
         <object_component_ref idref="oc-9b"/>
      </symbol>
      <symbol id="sm-1a8">
         <name>REG_CAL</name>
         <value>0x2354</value>
         <object_component_ref idref="oc-130"/>
      </symbol>
      <symbol id="sm-1a9">
         <name>SysCtlSleepFake</name>
         <value>0x1345</value>
         <object_component_ref idref="oc-9b"/>
      </symbol>
      <symbol id="sm-1ca">
         <name>ResetISR</name>
         <value>0x1f81</value>
         <object_component_ref idref="oc-27"/>
      </symbol>
      <symbol id="sm-1cb">
         <name>g_pfnVectors</name>
         <value>0x0</value>
         <object_component_ref idref="oc-12"/>
      </symbol>
      <symbol id="sm-232">
         <name>GPIOPinConfigure</name>
         <value>0x1c69</value>
         <object_component_ref idref="oc-197"/>
      </symbol>
      <symbol id="sm-233">
         <name>GPIOPinTypeGPIOInput</name>
         <value>0x1eff</value>
         <object_component_ref idref="oc-115"/>
      </symbol>
      <symbol id="sm-234">
         <name>GPIOPinTypeGPIOOutput</name>
         <value>0x1ecd</value>
         <object_component_ref idref="oc-121"/>
      </symbol>
      <symbol id="sm-235">
         <name>GPIODirModeSet</name>
         <value>0x1e65</value>
         <object_component_ref idref="oc-1f0"/>
      </symbol>
      <symbol id="sm-236">
         <name>GPIOPinWrite</name>
         <value>0x1fbb</value>
         <object_component_ref idref="oc-1c1"/>
      </symbol>
      <symbol id="sm-237">
         <name>GPIOPadConfigSet</name>
         <value>0x1931</value>
         <object_component_ref idref="oc-11b"/>
      </symbol>
      <symbol id="sm-238">
         <name>GPIOPinTypeSSI</name>
         <value>0x1f15</value>
         <object_component_ref idref="oc-19d"/>
      </symbol>
      <symbol id="sm-272">
         <name>IntEnable</name>
         <value>0x1b39</value>
         <object_component_ref idref="oc-fd"/>
      </symbol>
      <symbol id="sm-273">
         <name>IntRegister</name>
         <value>0x1dc9</value>
         <object_component_ref idref="oc-1db"/>
      </symbol>
      <symbol id="sm-274">
         <name>g_pfnRAMVectors</name>
         <value>0x20000000</value>
         <object_component_ref idref="oc-25b"/>
      </symbol>
      <symbol id="sm-275">
         <name>IntMasterEnable</name>
         <value>0x1f3d</value>
         <object_component_ref idref="oc-109"/>
      </symbol>
      <symbol id="sm-2a5">
         <name>SSIDataPut</name>
         <value>0x1f8d</value>
         <object_component_ref idref="oc-1af"/>
      </symbol>
      <symbol id="sm-2a6">
         <name>SSIDataGet</name>
         <value>0x1f75</value>
         <object_component_ref idref="oc-1bb"/>
      </symbol>
      <symbol id="sm-2a7">
         <name>SSIConfigSetExpClk</name>
         <value>0x1d8d</value>
         <object_component_ref idref="oc-1a3"/>
      </symbol>
      <symbol id="sm-2a8">
         <name>SSIEnable</name>
         <value>0x1f97</value>
         <object_component_ref idref="oc-1a9"/>
      </symbol>
      <symbol id="sm-2a9">
         <name>SSIBusy</name>
         <value>0x1fab</value>
         <object_component_ref idref="oc-1b5"/>
      </symbol>
      <symbol id="sm-319">
         <name>SysCtlDelay</name>
         <value>0x1fc1</value>
         <object_component_ref idref="oc-cf"/>
      </symbol>
      <symbol id="sm-31a">
         <name>SysCtlPeripheralEnable</name>
         <value>0x1dfd</value>
         <object_component_ref idref="oc-df"/>
      </symbol>
      <symbol id="sm-31b">
         <name>SysCtlClockFreqSet</name>
         <value>0x1731</value>
         <object_component_ref idref="oc-d3"/>
      </symbol>
      <symbol id="sm-386">
         <name>TimerLoadSet</name>
         <value>0x1f2b</value>
         <object_component_ref idref="oc-f1"/>
      </symbol>
      <symbol id="sm-387">
         <name>TimerIntRegister</name>
         <value>0x1ee7</value>
         <object_component_ref idref="oc-f7"/>
      </symbol>
      <symbol id="sm-388">
         <name>TimerEnable</name>
         <value>0x1f4d</value>
         <object_component_ref idref="oc-10f"/>
      </symbol>
      <symbol id="sm-389">
         <name>TimerValueGet</name>
         <value>0x1fa1</value>
         <object_component_ref idref="oc-127"/>
      </symbol>
      <symbol id="sm-38a">
         <name>TimerIntEnable</name>
         <value>0x1fb3</value>
         <object_component_ref idref="oc-103"/>
      </symbol>
      <symbol id="sm-38b">
         <name>TimerClockSourceSet</name>
         <value>0x1fc7</value>
         <object_component_ref idref="oc-e5"/>
      </symbol>
      <symbol id="sm-38c">
         <name>TimerConfigure</name>
         <value>0x1c09</value>
         <object_component_ref idref="oc-eb"/>
      </symbol>
      <symbol id="sm-38d">
         <name>TimerIntClear</name>
         <value>0x1fcd</value>
         <object_component_ref idref="oc-c9"/>
      </symbol>
      <symbol id="sm-398">
         <name>CPUcpsie</name>
         <value>0x1f69</value>
         <object_component_ref idref="oc-1e8"/>
      </symbol>
      <symbol id="sm-3b2">
         <name>__TI_zero_init_nomemset</name>
         <value>0x1eb1</value>
         <object_component_ref idref="oc-47"/>
      </symbol>
      <symbol id="sm-3c9">
         <name>__TI_decompress_none</name>
         <value>0x1f5b</value>
         <object_component_ref idref="oc-1b"/>
      </symbol>
      <symbol id="sm-3ec">
         <name>__TI_decompress_lzss</name>
         <value>0x1ba1</value>
         <object_component_ref idref="oc-15"/>
      </symbol>
      <symbol id="sm-3ff">
         <name>__stack</name>
         <value>0x20000270</value>
         <object_component_ref idref="oc-24"/>
      </symbol>
      <symbol id="sm-400">
         <name>_c_int00_noargs</name>
         <value>0x1e31</value>
         <object_component_ref idref="oc-59"/>
      </symbol>
      <symbol id="sm-41c">
         <name>memcpy</name>
         <value>0x1a9d</value>
         <object_component_ref idref="oc-3b"/>
      </symbol>
      <symbol id="sm-41d">
         <name>__aeabi_memcpy</name>
         <value>0x1a9d</value>
         <object_component_ref idref="oc-3b"/>
      </symbol>
      <symbol id="sm-41e">
         <name>__aeabi_memcpy8</name>
         <value>0x1a9d</value>
         <object_component_ref idref="oc-3b"/>
      </symbol>
      <symbol id="sm-41f">
         <name>__aeabi_memcpy4</name>
         <value>0x1a9d</value>
         <object_component_ref idref="oc-3b"/>
      </symbol>
      <symbol id="sm-448">
         <name>__TI_auto_init_nobinit_nopinit</name>
         <value>0x1d49</value>
         <object_component_ref idref="oc-143"/>
      </symbol>
      <symbol id="sm-452">
         <name>_system_pre_init</name>
         <value>0x1fd1</value>
         <object_component_ref idref="oc-95"/>
      </symbol>
      <symbol id="sm-45e">
         <name>C$$EXIT</name>
         <value>0x1fd5</value>
         <object_component_ref idref="oc-137"/>
      </symbol>
      <symbol id="sm-45f">
         <name>abort</name>
         <value>0x1fd5</value>
         <object_component_ref idref="oc-137"/>
      </symbol>
      <symbol id="sm-462">
         <name>__TI_static_base__</name>
         <value>0x0</value>
      </symbol>
      <symbol id="sm-465">
         <name>__mpu_init</name>
         <value>0x0</value>
      </symbol>
      <symbol id="sm-466">
         <name>_system_post_cinit</name>
         <value>0x0</value>
      </symbol>
   </symbol_table>
   <title>Link successful</title>
</link_info>
